Archive member included to satisfy reference by file (symbol)

c:/program files (x86)/atmel/studio/7.0/toolchain/avr8/avr8-gnu-toolchain/bin/../lib/gcc/avr/5.4.0/../../../../avr/lib/avr6\libm.a(cmpsf2.o)
                              Sketch.o (__lesf2)
c:/program files (x86)/atmel/studio/7.0/toolchain/avr8/avr8-gnu-toolchain/bin/../lib/gcc/avr/5.4.0/../../../../avr/lib/avr6\libm.a(divsf3.o)
                              Sketch.o (__divsf3)
c:/program files (x86)/atmel/studio/7.0/toolchain/avr8/avr8-gnu-toolchain/bin/../lib/gcc/avr/5.4.0/../../../../avr/lib/avr6\libm.a(divsf3x.o)
                              c:/program files (x86)/atmel/studio/7.0/toolchain/avr8/avr8-gnu-toolchain/bin/../lib/gcc/avr/5.4.0/../../../../avr/lib/avr6\libm.a(divsf3.o) (__divsf3x)
c:/program files (x86)/atmel/studio/7.0/toolchain/avr8/avr8-gnu-toolchain/bin/../lib/gcc/avr/5.4.0/../../../../avr/lib/avr6\libm.a(fixsfsi.o)
                              Sketch.o (__fixsfsi)
c:/program files (x86)/atmel/studio/7.0/toolchain/avr8/avr8-gnu-toolchain/bin/../lib/gcc/avr/5.4.0/../../../../avr/lib/avr6\libm.a(fixunssfsi.o)
                              Sketch.o (__fixunssfsi)
c:/program files (x86)/atmel/studio/7.0/toolchain/avr8/avr8-gnu-toolchain/bin/../lib/gcc/avr/5.4.0/../../../../avr/lib/avr6\libm.a(floatsisf.o)
                              Sketch.o (__floatunsisf)
c:/program files (x86)/atmel/studio/7.0/toolchain/avr8/avr8-gnu-toolchain/bin/../lib/gcc/avr/5.4.0/../../../../avr/lib/avr6\libm.a(fp_cmp.o)
                              c:/program files (x86)/atmel/studio/7.0/toolchain/avr8/avr8-gnu-toolchain/bin/../lib/gcc/avr/5.4.0/../../../../avr/lib/avr6\libm.a(cmpsf2.o) (__fp_cmp)
c:/program files (x86)/atmel/studio/7.0/toolchain/avr8/avr8-gnu-toolchain/bin/../lib/gcc/avr/5.4.0/../../../../avr/lib/avr6\libm.a(fp_inf.o)
                              c:/program files (x86)/atmel/studio/7.0/toolchain/avr8/avr8-gnu-toolchain/bin/../lib/gcc/avr/5.4.0/../../../../avr/lib/avr6\libm.a(divsf3x.o) (__fp_inf)
c:/program files (x86)/atmel/studio/7.0/toolchain/avr8/avr8-gnu-toolchain/bin/../lib/gcc/avr/5.4.0/../../../../avr/lib/avr6\libm.a(fp_nan.o)
                              c:/program files (x86)/atmel/studio/7.0/toolchain/avr8/avr8-gnu-toolchain/bin/../lib/gcc/avr/5.4.0/../../../../avr/lib/avr6\libm.a(divsf3x.o) (__fp_nan)
c:/program files (x86)/atmel/studio/7.0/toolchain/avr8/avr8-gnu-toolchain/bin/../lib/gcc/avr/5.4.0/../../../../avr/lib/avr6\libm.a(fp_pscA.o)
                              c:/program files (x86)/atmel/studio/7.0/toolchain/avr8/avr8-gnu-toolchain/bin/../lib/gcc/avr/5.4.0/../../../../avr/lib/avr6\libm.a(divsf3x.o) (__fp_pscA)
c:/program files (x86)/atmel/studio/7.0/toolchain/avr8/avr8-gnu-toolchain/bin/../lib/gcc/avr/5.4.0/../../../../avr/lib/avr6\libm.a(fp_pscB.o)
                              c:/program files (x86)/atmel/studio/7.0/toolchain/avr8/avr8-gnu-toolchain/bin/../lib/gcc/avr/5.4.0/../../../../avr/lib/avr6\libm.a(divsf3x.o) (__fp_pscB)
c:/program files (x86)/atmel/studio/7.0/toolchain/avr8/avr8-gnu-toolchain/bin/../lib/gcc/avr/5.4.0/../../../../avr/lib/avr6\libm.a(fp_round.o)
                              c:/program files (x86)/atmel/studio/7.0/toolchain/avr8/avr8-gnu-toolchain/bin/../lib/gcc/avr/5.4.0/../../../../avr/lib/avr6\libm.a(divsf3.o) (__fp_round)
c:/program files (x86)/atmel/studio/7.0/toolchain/avr8/avr8-gnu-toolchain/bin/../lib/gcc/avr/5.4.0/../../../../avr/lib/avr6\libm.a(fp_split3.o)
                              c:/program files (x86)/atmel/studio/7.0/toolchain/avr8/avr8-gnu-toolchain/bin/../lib/gcc/avr/5.4.0/../../../../avr/lib/avr6\libm.a(divsf3x.o) (__fp_split3)
c:/program files (x86)/atmel/studio/7.0/toolchain/avr8/avr8-gnu-toolchain/bin/../lib/gcc/avr/5.4.0/../../../../avr/lib/avr6\libm.a(fp_zero.o)
                              c:/program files (x86)/atmel/studio/7.0/toolchain/avr8/avr8-gnu-toolchain/bin/../lib/gcc/avr/5.4.0/../../../../avr/lib/avr6\libm.a(fixunssfsi.o) (__fp_zero)
c:/program files (x86)/atmel/studio/7.0/toolchain/avr8/avr8-gnu-toolchain/bin/../lib/gcc/avr/5.4.0/../../../../avr/lib/avr6\libm.a(gesf2.o)
                              Sketch.o (__gtsf2)
c:/program files (x86)/atmel/studio/7.0/toolchain/avr8/avr8-gnu-toolchain/bin/../lib/gcc/avr/5.4.0/../../../../avr/lib/avr6\libm.a(mulsf3.o)
                              Sketch.o (__mulsf3)
c:/program files (x86)/atmel/studio/7.0/toolchain/avr8/avr8-gnu-toolchain/bin/../lib/gcc/avr/5.4.0/../../../../avr/lib/avr6\libm.a(mulsf3x.o)
                              c:/program files (x86)/atmel/studio/7.0/toolchain/avr8/avr8-gnu-toolchain/bin/../lib/gcc/avr/5.4.0/../../../../avr/lib/avr6\libm.a(mulsf3.o) (__mulsf3x)
c:\users\hilde\Documents\Atmel Studio\7.0\TalkingRobot\TalkingRobot\ArduinoCore\Debug\libArduinoCore.a(HardwareSerial.o)
                              Sketch.o (_ZN14HardwareSerial9availableEv)
c:\users\hilde\Documents\Atmel Studio\7.0\TalkingRobot\TalkingRobot\ArduinoCore\Debug\libArduinoCore.a(HardwareSerial0.o)
[...]
Memory Configuration

Name             Origin             Length             Attributes
text             0x00000000         0x00100000         xr
data             0x00800200         0x0000fe00         rw !x
eeprom           0x00810000         0x00010000         rw !x
fuse             0x00820000         0x00000003         rw !x
lock             0x00830000         0x00000400         rw !x
signature        0x00840000         0x00000400         rw !x
user_signatures  0x00850000         0x00000400         rw !x
*default*        0x00000000         0xffffffff

Linker script and memory map

Address of section .data set to 0x800200
LOAD C:/Program Files (x86)/Atmel/Studio/7.0/Packs/atmel/ATmega_DFP/1.2.209/gcc/dev/atmega2560/avr6/crtatmega2560.o
LOAD Sketch.o
LOAD src/libraries/SoftwareSerial/src/SoftwareSerial.o
START GROUP
LOAD c:/program files (x86)/atmel/studio/7.0/toolchain/avr8/avr8-gnu-toolchain/bin/../lib/gcc/avr/5.4.0/../../../../avr/lib/avr6\libm.a
LOAD c:\users\hilde\Documents\Atmel Studio\7.0\TalkingRobot\TalkingRobot\ArduinoCore\Debug\libArduinoCore.a
END GROUP
LOAD c:/program files (x86)/atmel/studio/7.0/toolchain/avr8/avr8-gnu-toolchain/bin/../lib/gcc/avr/5.4.0/avr6\libgcc.a
LOAD c:/program files (x86)/atmel/studio/7.0/toolchain/avr8/avr8-gnu-toolchain/bin/../lib/gcc/avr/5.4.0/../../../../avr/lib/avr6\libm.a
START GROUP
LOAD c:/program files (x86)/atmel/studio/7.0/toolchain/avr8/avr8-gnu-toolchain/bin/../lib/gcc/avr/5.4.0/avr6\libgcc.a
LOAD c:/program files (x86)/atmel/studio/7.0/toolchain/avr8/avr8-gnu-toolchain/bin/../lib/gcc/avr/5.4.0/../../../../avr/lib/avr6\libm.a
LOAD c:/program files (x86)/atmel/studio/7.0/toolchain/avr8/avr8-gnu-toolchain/bin/../lib/gcc/avr/5.4.0/../../../../avr/lib/avr6\libc.a
LOAD C:/Program Files (x86)/Atmel/Studio/7.0/Packs/atmel/ATmega_DFP/1.2.209/gcc/dev/atmega2560/avr6\libatmega2560.a
END GROUP
                0x00100000                __TEXT_REGION_LENGTH__ = DEFINED (__TEXT_REGION_LENGTH__)?__TEXT_REGION_LENGTH__:0x100000
                0x0000fe00                __DATA_REGION_LENGTH__ = DEFINED (__DATA_REGION_LENGTH__)?__DATA_REGION_LENGTH__:0xfe00
                0x00010000                __EEPROM_REGION_LENGTH__ = DEFINED (__EEPROM_REGION_LENGTH__)?__EEPROM_REGION_LENGTH__:0x10000
                [0x00000003]                __FUSE_REGION_LENGTH__ = DEFINED (__FUSE_REGION_LENGTH__)?__FUSE_REGION_LENGTH__:0x400
                0x00000400                __LOCK_REGION_LENGTH__ = DEFINED (__LOCK_REGION_LENGTH__)?__LOCK_REGION_LENGTH__:0x400
                0x00000400                __SIGNATURE_REGION_LENGTH__ = DEFINED (__SIGNATURE_REGION_LENGTH__)?__SIGNATURE_REGION_LENGTH__:0x400
                0x00000400                __USER_SIGNATURE_REGION_LENGTH__ = DEFINED (__USER_SIGNATURE_REGION_LENGTH__)?__USER_SIGNATURE_REGION_LENGTH__:0x400

.hash
 *(.hash)

.dynsym
 *(.dynsym)

.dynstr
 *(.dynstr)

.gnu.version
 *(.gnu.version)

.gnu.version_d
 *(.gnu.version_d)

.gnu.version_r
 *(.gnu.version_r)

.rel.init
 *(.rel.init)

.rela.init
 *(.rela.init)

.rel.text
 *(.rel.text)
 *(.rel.text.*)
 *(.rel.gnu.linkonce.t*)

.rela.text
 *(.rela.text)
 *(.rela.text.*)
 *(.rela.gnu.linkonce.t*)

.rel.fini
 *(.rel.fini)

.rela.fini
 *(.rela.fini)

.rel.rodata
 *(.rel.rodata)
 *(.rel.rodata.*)
 *(.rel.gnu.linkonce.r*)

.rela.rodata
 *(.rela.rodata)
 *(.rela.rodata.*)
 *(.rela.gnu.linkonce.r*)

.rel.data
 *(.rel.data)
 *(.rel.data.*)
 *(.rel.gnu.linkonce.d*)

.rela.data
 *(.rela.data)
 *(.rela.data.*)
 *(.rela.gnu.linkonce.d*)

.rel.ctors
 *(.rel.ctors)

.rela.ctors
 *(.rela.ctors)

.rel.dtors
 *(.rel.dtors)

.rela.dtors
 *(.rela.dtors)

.rel.got
 *(.rel.got)

.rela.got
 *(.rela.got)

.rel.bss
 *(.rel.bss)

.rela.bss
 *(.rela.bss)

.rel.plt
 *(.rel.plt)

.rela.plt
 *(.rela.plt)

.text           0x00000000     0x6bc6
 *(.vectors)
 .vectors       0x00000000       0xe4 C:/Program Files (x86)/Atmel/Studio/7.0/Packs/atmel/ATmega_DFP/1.2.209/gcc/dev/atmega2560/avr6/crtatmega2560.o
                0x00000000                __vector_default
                0x00000000                __vectors
 *(.vectors)
 *(.progmem.gcc*)
 .progmem.gcc_sw_table._Z4Move9Direction
                0x000000e4       0x12 Sketch.o
 .progmem.gcc_sw_table._Z16BluetoothControlii
                0x000000f6       0x6e Sketch.o
 .progmem.gcc_sw_table.turnOffPWM
                0x00000164       0x24 c:\users\hilde\Documents\Atmel Studio\7.0\TalkingRobot\TalkingRobot\ArduinoCore\Debug\libArduinoCore.a(wiring_digital.o)
                0x00000188                . = ALIGN (0x2)
                0x00000188                __trampolines_start = .
 *(.trampolines)
 .trampolines   0x00000188        0x0 linker stubs
 *(.trampolines*)
                0x00000188                __trampolines_end = .
 *libprintf_flt.a:*(.progmem.data)
 *libc.a:*(.progmem.data)
 *(.progmem*)
 .progmem.data.digital_pin_to_timer_PGM
                0x00000188       0x46 c:\users\hilde\Documents\Atmel Studio\7.0\TalkingRobot\TalkingRobot\ArduinoCore\Debug\libArduinoCore.a(wiring_digital.o)
                0x00000188                digital_pin_to_timer_PGM
 .progmem.data.digital_pin_to_bit_mask_PGM
                0x000001ce       0x46 c:\users\hilde\Documents\Atmel Studio\7.0\TalkingRobot\TalkingRobot\ArduinoCore\Debug\libArduinoCore.a(wiring_digital.o)
                0x000001ce                digital_pin_to_bit_mask_PGM
 .progmem.data.digital_pin_to_port_PGM
                0x00000214       0x46 c:\users\hilde\Documents\Atmel Studio\7.0\TalkingRobot\TalkingRobot\ArduinoCore\Debug\libArduinoCore.a(wiring_digital.o)
                0x00000214                digital_pin_to_port_PGM
 .progmem.data.port_to_input_PGM
                0x0000025a       0x1a c:\users\hilde\Documents\Atmel Studio\7.0\TalkingRobot\TalkingRobot\ArduinoCore\Debug\libArduinoCore.a(wiring_digital.o)
                0x0000025a                port_to_input_PGM
 .progmem.data.port_to_output_PGM
                0x00000274       0x1a c:\users\hilde\Documents\Atmel Studio\7.0\TalkingRobot\TalkingRobot\ArduinoCore\Debug\libArduinoCore.a(wiring_digital.o)
                0x00000274                port_to_output_PGM
 .progmem.data.port_to_mode_PGM
                0x0000028e       0x1a c:\users\hilde\Documents\Atmel Studio\7.0\TalkingRobot\TalkingRobot\ArduinoCore\Debug\libArduinoCore.a(wiring_digital.o)
                0x0000028e                port_to_mode_PGM
 .progmem.data._ZZN6SdFile10make83NameEPKcPhE3__c
                0x000002a8       0x10 c:\users\hilde\Documents\Atmel Studio\7.0\TalkingRobot\TalkingRobot\ArduinoCore\Debug\libArduinoCore.a(SdFile.o)
                0x000002b8                . = ALIGN (0x2)
 *(.jumptables)
 *(.jumptables*)
 *(.lowtext)
 *(.lowtext*)
                0x000002b8                __ctors_start = .
 *(.ctors)
 .ctors         0x000002b8        0x2 Sketch.o
 .ctors         0x000002ba        0x2 c:\users\hilde\Documents\Atmel Studio\7.0\TalkingRobot\TalkingRobot\ArduinoCore\Debug\libArduinoCore.a(HardwareSerial0.o)
 .ctors         0x000002bc        0x2 c:\users\hilde\Documents\Atmel Studio\7.0\TalkingRobot\TalkingRobot\ArduinoCore\Debug\libArduinoCore.a(HardwareSerial3.o)
 .ctors         0x000002be        0x2 c:\users\hilde\Documents\Atmel Studio\7.0\TalkingRobot\TalkingRobot\ArduinoCore\Debug\libArduinoCore.a(AFMotor.o)
 .ctors         0x000002c0        0x2 c:\users\hilde\Documents\Atmel Studio\7.0\TalkingRobot\TalkingRobot\ArduinoCore\Debug\libArduinoCore.a(SD.o)
 .ctors         0x000002c2        0x2 c:\users\hilde\Documents\Atmel Studio\7.0\TalkingRobot\TalkingRobot\ArduinoCore\Debug\libArduinoCore.a(Sd2Card.o)
 .ctors         0x000002c4        0x2 c:\users\hilde\Documents\Atmel Studio\7.0\TalkingRobot\TalkingRobot\ArduinoCore\Debug\libArduinoCore.a(TMRpcm.o)
                0x000002c6                __ctors_end = .
                0x000002c6                __dtors_start = .
 *(.dtors)
                0x000002c6                __dtors_end = .
 SORT(*)(.ctors)
 SORT(*)(.dtors)
 *(.init0)
 .init0         0x000002c6        0x0 C:/Program Files (x86)/Atmel/Studio/7.0/Packs/atmel/ATmega_DFP/1.2.209/gcc/dev/atmega2560/avr6/crtatmega2560.o
                0x000002c6                __init
 *(.init0)
 *(.init1)
 *(.init1)
 *(.init2)
 .init2         0x000002c6       0x10 C:/Program Files (x86)/Atmel/Studio/7.0/Packs/atmel/ATmega_DFP/1.2.209/gcc/dev/atmega2560/avr6/crtatmega2560.o
 *(.init2)
 *(.init3)
 *(.init3)
 *(.init4)
 .init4         0x000002d6       0x1a c:/program files (x86)/atmel/studio/7.0/toolchain/avr8/avr8-gnu-toolchain/bin/../lib/gcc/avr/5.4.0/avr6\libgcc.a(_copy_data.o)
                0x000002d6                __do_copy_data
 .init4         0x000002f0       0x10 c:/program files (x86)/atmel/studio/7.0/toolchain/avr8/avr8-gnu-toolchain/bin/../lib/gcc/avr/5.4.0/avr6\libgcc.a(_clear_bss.o)
                0x000002f0                __do_clear_bss
 *(.init4)
 *(.init5)
 *(.init5)
 *(.init6)
 .init6         0x00000300       0x20 c:/program files (x86)/atmel/studio/7.0/toolchain/avr8/avr8-gnu-toolchain/bin/../lib/gcc/avr/5.4.0/avr6\libgcc.a(_ctors.o)
                0x00000300                __do_global_ctors
 *(.init6)
 *(.init7)
 *(.init7)
 *(.init8)
 *(.init8)
 *(.init9)
 .init9         0x00000320        0x8 C:/Program Files (x86)/Atmel/Studio/7.0/Packs/atmel/ATmega_DFP/1.2.209/gcc/dev/atmega2560/avr6/crtatmega2560.o
 *(.init9)
 *(.text)
 .text          0x00000328        0x2 C:/Program Files (x86)/Atmel/Studio/7.0/Packs/atmel/ATmega_DFP/1.2.209/gcc/dev/atmega2560/avr6/crtatmega2560.o
                0x00000328                __vector_38
                0x00000328                __vector_22
                0x00000328                __vector_28
                0x00000328                __vector_1
                0x00000328                __vector_34
                0x00000328                __vector_24
                0x00000328                __vector_12
                0x00000328                __bad_interrupt
                0x00000328                __vector_6
                0x00000328                __vector_39
                0x00000328                __vector_3
                0x00000328                __vector_30
                0x00000328                __vector_13
                0x00000328                __vector_19
                0x00000328                __vector_56
                0x00000328                __vector_7
                0x00000328                __vector_49
                0x00000328                __vector_43
                0x00000328                __vector_27
                0x00000328                __vector_5
                0x00000328                __vector_33
                0x00000328                __vector_52
                0x00000328                __vector_37
                0x00000328                __vector_4
                0x00000328                __vector_44
                0x00000328                __vector_51
                0x00000328                __vector_2
                0x00000328                __vector_21
                0x00000328                __vector_15
                0x00000328                __vector_36
                0x00000328                __vector_29
                0x00000328                __vector_40
                0x00000328                __vector_8
                0x00000328                __vector_48
                0x00000328                __vector_14
                0x00000328                __vector_53
                0x00000328                __vector_18
 .text          0x0000032a       0x8a c:\users\hilde\Documents\Atmel Studio\7.0\TalkingRobot\TalkingRobot\ArduinoCore\Debug\libArduinoCore.a(wiring_pulse.o)
                0x0000032a                countPulseASM
                0x000003b4                . = ALIGN (0x2)
 *(.text.*)
 .text.setup    0x000003b4      0x15a Sketch.o
                0x000003b4                setup
 .text._Z23GetMinDistanceFromArrayv
                0x0000050e       0x98 Sketch.o
                0x0000050e                _Z23GetMinDistanceFromArrayv
 .text._Z33MeasureDistanceWithUltrasonicInCmb
                0x000005a6       0xd8 Sketch.o
                0x000005a6                _Z33MeasureDistanceWithUltrasonicInCmb
 .text._Z22FindTheNearestObstaclev
                0x0000067e      0x1ec Sketch.o
                0x0000067e                _Z22FindTheNearestObstaclev
 .text._Z24ReadIRsensorDistanceInCmi
                0x0000086a       0x24 Sketch.o
                0x0000086a                _Z24ReadIRsensorDistanceInCmi
 .text._Z5Speed5Motori
                0x0000088e       0xa2 Sketch.o
                0x0000088e                _Z5Speed5Motori
 .text._Z4Move9Direction
                0x00000930      0x246 Sketch.o
                0x00000930                _Z4Move9Direction
 .text._Z19TurnRobotToObstaclei
                0x00000b76       0xfc Sketch.o
                0x00000b76                _Z19TurnRobotToObstaclei
 .text._Z13PlaySoundFilePc
                0x00000c72       0x1e Sketch.o
                0x00000c72                _Z13PlaySoundFilePc
 .text._Z18SaySomethingRandomv
                0x00000c90       0x6c Sketch.o
                0x00000c90                _Z18SaySomethingRandomv
 .text._Z10Autonomousii
                0x00000cfc      0x336 Sketch.o
                0x00000cfc                _Z10Autonomousii
 .text._Z16BluetoothControlii
                0x00001032      0x4ba Sketch.o
                0x00001032                _Z16BluetoothControlii
 .text.loop     0x000014ec       0x8c Sketch.o
                0x000014ec                loop
 .text.startup._GLOBAL__sub_I_IRsensorFront
                0x00001578       0x38 Sketch.o
 .text._Z12serialEvent3v
                0x000015b0       0x1e Sketch.o
                0x000015b0                _Z12serialEvent3v
 .text._ZN5Print17availableForWriteEv
                0x000015ce        0x6 src/libraries/SoftwareSerial/src/SoftwareSerial.o
                0x000015ce                _ZN5Print17availableForWriteEv
 .text._ZN5Print5flushEv
                0x000015d4        0x2 src/libraries/SoftwareSerial/src/SoftwareSerial.o
                0x000015d4                _ZN5Print5flushEv
 .text.__vector_9
                0x000015d6       0xfc src/libraries/SoftwareSerial/src/SoftwareSerial.o
                0x000015d6                __vector_9
                0x000015d6                __vector_10
                0x000015d6                __vector_11
 .text.avr-libc.fplib
                0x000016d2        0x8 c:/program files (x86)/atmel/studio/7.0/toolchain/avr8/avr8-gnu-toolchain/bin/../lib/gcc/avr/5.4.0/../../../../avr/lib/avr6\libm.a(cmpsf2.o)
                0x000016d2                __nesf2
                0x000016d2                __eqsf2
                0x000016d2                __cmpsf2
                0x000016d2                __ltsf2
                0x000016d2                __lesf2
 .text.avr-libc.fplib
                0x000016da        0x4 c:/program files (x86)/atmel/studio/7.0/toolchain/avr8/avr8-gnu-toolchain/bin/../lib/gcc/avr/5.4.0/../../../../avr/lib/avr6\libm.a(divsf3.o)
                0x000016da                __divsf3
 .text.avr-libc.fplib
                0x000016de       0xcc c:/program files (x86)/atmel/studio/7.0/toolchain/avr8/avr8-gnu-toolchain/bin/../lib/gcc/avr/5.4.0/../../../../avr/lib/avr6\libm.a(divsf3x.o)
                0x000016f4                __divsf3x
                0x000016f8                __divsf3_pse
 .text.avr-libc.fplib
                0x000017aa        0xa c:/program files (x86)/atmel/studio/7.0/toolchain/avr8/avr8-gnu-toolchain/bin/../lib/gcc/avr/5.4.0/../../../../avr/lib/avr6\libm.a(fixsfsi.o)
                0x000017aa                __fixsfsi
 .text.avr-libc.fplib
                0x000017b4       0x58 c:/program files (x86)/atmel/studio/7.0/toolchain/avr8/avr8-gnu-toolchain/bin/../lib/gcc/avr/5.4.0/../../../../avr/lib/avr6\libm.a(fixunssfsi.o)
                0x000017b4                __fixunssfsi
 .text.avr-libc.fplib
                0x0000180c       0x7a c:/program files (x86)/atmel/studio/7.0/toolchain/avr8/avr8-gnu-toolchain/bin/../lib/gcc/avr/5.4.0/../../../../avr/lib/avr6\libm.a(floatsisf.o)
                0x0000180c                __floatunsisf
                0x00001810                __floatsisf
 .text.avr-libc.fplib
                0x00001886       0x48 c:/program files (x86)/atmel/studio/7.0/toolchain/avr8/avr8-gnu-toolchain/bin/../lib/gcc/avr/5.4.0/../../../../avr/lib/avr6\libm.a(fp_cmp.o)
                0x00001886                __fp_cmp
 .text.avr-libc.fplib
                0x000018ce        0xc c:/program files (x86)/atmel/studio/7.0/toolchain/avr8/avr8-gnu-toolchain/bin/../lib/gcc/avr/5.4.0/../../../../avr/lib/avr6\libm.a(fp_inf.o)
                0x000018ce                __fp_inf
 .text.avr-libc.fplib
                0x000018da        0x6 c:/program files (x86)/atmel/studio/7.0/toolchain/avr8/avr8-gnu-toolchain/bin/../lib/gcc/avr/5.4.0/../../../../avr/lib/avr6\libm.a(fp_nan.o)
                0x000018da                __fp_nan
 .text.avr-libc.fplib
                0x000018e0        0xe c:/program files (x86)/atmel/studio/7.0/toolchain/avr8/avr8-gnu-toolchain/bin/../lib/gcc/avr/5.4.0/../../../../avr/lib/avr6\libm.a(fp_pscA.o)
                0x000018e0                __fp_pscA
 .text.avr-libc.fplib
                0x000018ee        0xe c:/program files (x86)/atmel/studio/7.0/toolchain/avr8/avr8-gnu-toolchain/bin/../lib/gcc/avr/5.4.0/../../../../avr/lib/avr6\libm.a(fp_pscB.o)
                0x000018ee                __fp_pscB
 .text.avr-libc.fplib
                0x000018fc       0x22 c:/program files (x86)/atmel/studio/7.0/toolchain/avr8/avr8-gnu-toolchain/bin/../lib/gcc/avr/5.4.0/../../../../avr/lib/avr6\libm.a(fp_round.o)
                0x000018fc                __fp_round
 .text.avr-libc.fplib
                0x0000191e       0x44 c:/program files (x86)/atmel/studio/7.0/toolchain/avr8/avr8-gnu-toolchain/bin/../lib/gcc/avr/5.4.0/../../../../avr/lib/avr6\libm.a(fp_split3.o)
                0x0000191e                __fp_split3
                0x0000192e                __fp_splitA
 .text.avr-libc.fplib
                0x00001962        0xe c:/program files (x86)/atmel/studio/7.0/toolchain/avr8/avr8-gnu-toolchain/bin/../lib/gcc/avr/5.4.0/../../../../avr/lib/avr6\libm.a(fp_zero.o)
                0x00001962                __fp_zero
                0x00001964                __fp_szero
 .text.avr-libc.fplib
                0x00001970        0x8 c:/program files (x86)/atmel/studio/7.0/toolchain/avr8/avr8-gnu-toolchain/bin/../lib/gcc/avr/5.4.0/../../../../avr/lib/avr6\libm.a(gesf2.o)
                0x00001970                __gesf2
                0x00001970                __gtsf2
 .text.avr-libc.fplib
                0x00001978        0x4 c:/program files (x86)/atmel/studio/7.0/toolchain/avr8/avr8-gnu-toolchain/bin/../lib/gcc/avr/5.4.0/../../../../avr/lib/avr6\libm.a(mulsf3.o)
                0x00001978                __mulsf3
 .text.avr-libc.fplib
                0x0000197c       0xc2 c:/program files (x86)/atmel/studio/7.0/toolchain/avr8/avr8-gnu-toolchain/bin/../lib/gcc/avr/5.4.0/../../../../avr/lib/avr6\libm.a(mulsf3x.o)
                0x00001990                __mulsf3x
                0x00001994                __mulsf3_pse
 .text._ZN14HardwareSerial9availableEv
                0x00001a3e       0x18 c:\users\hilde\Documents\Atmel Studio\7.0\TalkingRobot\TalkingRobot\ArduinoCore\Debug\libArduinoCore.a(HardwareSerial.o)
                0x00001a3e                _ZN14HardwareSerial9availableEv
 .text._ZN14HardwareSerial4peekEv
                0x00001a56       0x1c c:\users\hilde\Documents\Atmel Studio\7.0\TalkingRobot\TalkingRobot\ArduinoCore\Debug\libArduinoCore.a(HardwareSerial.o)
                0x00001a56                _ZN14HardwareSerial4peekEv
 .text._ZN14HardwareSerial4readEv
                0x00001a72       0x28 c:\users\hilde\Documents\Atmel Studio\7.0\TalkingRobot\TalkingRobot\ArduinoCore\Debug\libArduinoCore.a(HardwareSerial.o)
                0x00001a72                _ZN14HardwareSerial4readEv
 .text._ZN14HardwareSerial17availableForWriteEv
                0x00001a9a       0x1e c:\users\hilde\Documents\Atmel Studio\7.0\TalkingRobot\TalkingRobot\ArduinoCore\Debug\libArduinoCore.a(HardwareSerial.o)
                0x00001a9a                _ZN14HardwareSerial17availableForWriteEv
 .text._Z14serialEventRunv
                0x00001ab8       0x74 c:\users\hilde\Documents\Atmel Studio\7.0\TalkingRobot\TalkingRobot\ArduinoCore\Debug\libArduinoCore.a(HardwareSerial.o)
                0x00001ab8                _Z14serialEventRunv
 .text._ZN14HardwareSerial17_tx_udr_empty_irqEv
                0x00001b2c       0x42 c:\users\hilde\Documents\Atmel Studio\7.0\TalkingRobot\TalkingRobot\ArduinoCore\Debug\libArduinoCore.a(HardwareSerial.o)
                0x00001b2c                _ZN14HardwareSerial17_tx_udr_empty_irqEv
 .text._ZN14HardwareSerial5writeEh
                0x00001b6e       0x8c c:\users\hilde\Documents\Atmel Studio\7.0\TalkingRobot\TalkingRobot\ArduinoCore\Debug\libArduinoCore.a(HardwareSerial.o)
                0x00001b6e                _ZN14HardwareSerial5writeEh
 .text._ZN14HardwareSerial5flushEv
                0x00001bfa       0x42 c:\users\hilde\Documents\Atmel Studio\7.0\TalkingRobot\TalkingRobot\ArduinoCore\Debug\libArduinoCore.a(HardwareSerial.o)
                0x00001bfa                _ZN14HardwareSerial5flushEv
 .text._ZN14HardwareSerial5beginEmh
                0x00001c3c       0xca c:\users\hilde\Documents\Atmel Studio\7.0\TalkingRobot\TalkingRobot\ArduinoCore\Debug\libArduinoCore.a(HardwareSerial.o)
                0x00001c3c                _ZN14HardwareSerial5beginEmh
 .text.__vector_25
                0x00001d06       0x6c c:\users\hilde\Documents\Atmel Studio\7.0\TalkingRobot\TalkingRobot\ArduinoCore\Debug\libArduinoCore.a(HardwareSerial0.o)
                0x00001d06                __vector_25
 .text.__vector_26
                0x00001d72       0x52 c:\users\hilde\Documents\Atmel Studio\7.0\TalkingRobot\TalkingRobot\ArduinoCore\Debug\libArduinoCore.a(HardwareSerial0.o)
                0x00001d72                __vector_26
 .text._Z17Serial0_availablev
                0x00001dc4       0x12 c:\users\hilde\Documents\Atmel Studio\7.0\TalkingRobot\TalkingRobot\ArduinoCore\Debug\libArduinoCore.a(HardwareSerial0.o)
                0x00001dc4                _Z17Serial0_availablev
 .text.startup._GLOBAL__sub_I___vector_25
                0x00001dd6       0x5a c:\users\hilde\Documents\Atmel Studio\7.0\TalkingRobot\TalkingRobot\ArduinoCore\Debug\libArduinoCore.a(HardwareSerial0.o)
 .text.__vector_54
                0x00001e30       0x6c c:\users\hilde\Documents\Atmel Studio\7.0\TalkingRobot\TalkingRobot\ArduinoCore\Debug\libArduinoCore.a(HardwareSerial3.o)
                0x00001e30                __vector_54
 .text.__vector_55
                0x00001e9c       0x52 c:\users\hilde\Documents\Atmel Studio\7.0\TalkingRobot\TalkingRobot\ArduinoCore\Debug\libArduinoCore.a(HardwareSerial3.o)
                0x00001e9c                __vector_55
 .text._Z17Serial3_availablev
                0x00001eee       0x12 c:\users\hilde\Documents\Atmel Studio\7.0\TalkingRobot\TalkingRobot\ArduinoCore\Debug\libArduinoCore.a(HardwareSerial3.o)
                0x00001eee                _Z17Serial3_availablev
 .text.startup._GLOBAL__sub_I___vector_54
                0x00001f00       0x5a c:\users\hilde\Documents\Atmel Studio\7.0\TalkingRobot\TalkingRobot\ArduinoCore\Debug\libArduinoCore.a(HardwareSerial3.o)
 .text.initVariant
                0x00001f5a        0x2 c:\users\hilde\Documents\Atmel Studio\7.0\TalkingRobot\TalkingRobot\ArduinoCore\Debug\libArduinoCore.a(main.o)
                0x00001f5a                initVariant
 .text.startup.main
                0x00001f5c       0x16 c:\users\hilde\Documents\Atmel Studio\7.0\TalkingRobot\TalkingRobot\ArduinoCore\Debug\libArduinoCore.a(main.o)
                0x00001f5c                main
 .text._ZN5Print5writeEPKhj
                0x00001f72       0x54 c:\users\hilde\Documents\Atmel Studio\7.0\TalkingRobot\TalkingRobot\ArduinoCore\Debug\libArduinoCore.a(Print.o)
                0x00001f72                _ZN5Print5writeEPKhj
 .text._ZN5Print5writeEPKc
                0x00001fc6       0x2a c:\users\hilde\Documents\Atmel Studio\7.0\TalkingRobot\TalkingRobot\ArduinoCore\Debug\libArduinoCore.a(Print.o)
                0x00001fc6                _ZN5Print5writeEPKc
 .text._ZN5Print5printERK6String
                0x00001ff0       0x1c c:\users\hilde\Documents\Atmel Studio\7.0\TalkingRobot\TalkingRobot\ArduinoCore\Debug\libArduinoCore.a(Print.o)
                0x00001ff0                _ZN5Print5printERK6String
 .text._ZN5Print5printEPKc
                0x0000200c        0x2 c:\users\hilde\Documents\Atmel Studio\7.0\TalkingRobot\TalkingRobot\ArduinoCore\Debug\libArduinoCore.a(Print.o)
                0x0000200c                _ZN5Print5printEPKc
 .text._ZN5Print5printEc
                0x0000200e        0xe c:\users\hilde\Documents\Atmel Studio\7.0\TalkingRobot\TalkingRobot\ArduinoCore\Debug\libArduinoCore.a(Print.o)
                0x0000200e                _ZN5Print5printEc
 .text._ZN5Print7printlnEv
                0x0000201c        0x6 c:\users\hilde\Documents\Atmel Studio\7.0\TalkingRobot\TalkingRobot\ArduinoCore\Debug\libArduinoCore.a(Print.o)
                0x0000201c                _ZN5Print7printlnEv
 .text._ZN5Print7printlnERK6String
                0x00002022       0x20 c:\users\hilde\Documents\Atmel Studio\7.0\TalkingRobot\TalkingRobot\ArduinoCore\Debug\libArduinoCore.a(Print.o)
                0x00002022                _ZN5Print7printlnERK6String
 .text._ZN5Print7printlnEPKc
                0x00002042       0x20 c:\users\hilde\Documents\Atmel Studio\7.0\TalkingRobot\TalkingRobot\ArduinoCore\Debug\libArduinoCore.a(Print.o)
                0x00002042                _ZN5Print7printlnEPKc
 .text._ZN5Print7printlnEc
                0x00002062       0x20 c:\users\hilde\Documents\Atmel Studio\7.0\TalkingRobot\TalkingRobot\ArduinoCore\Debug\libArduinoCore.a(Print.o)
                0x00002062                _ZN5Print7printlnEc
 .text._ZN5Print11printNumberEmh
                0x00002082       0x90 c:\users\hilde\Documents\Atmel Studio\7.0\TalkingRobot\TalkingRobot\ArduinoCore\Debug\libArduinoCore.a(Print.o)
                0x00002082                _ZN5Print11printNumberEmh
 .text._ZN5Print5printEli
                0x00002112       0x8a c:\users\hilde\Documents\Atmel Studio\7.0\TalkingRobot\TalkingRobot\ArduinoCore\Debug\libArduinoCore.a(Print.o)
                0x00002112                _ZN5Print5printEli
 .text._ZN5Print5printEii
                0x0000219c        0xc c:\users\hilde\Documents\Atmel Studio\7.0\TalkingRobot\TalkingRobot\ArduinoCore\Debug\libArduinoCore.a(Print.o)
                0x0000219c                _ZN5Print5printEii
 .text._ZN5Print7printlnEii
                0x000021a8       0x20 c:\users\hilde\Documents\Atmel Studio\7.0\TalkingRobot\TalkingRobot\ArduinoCore\Debug\libArduinoCore.a(Print.o)
                0x000021a8                _ZN5Print7printlnEii
 .text.__vector_23
                0x000021c8       0x94 c:\users\hilde\Documents\Atmel Studio\7.0\TalkingRobot\TalkingRobot\ArduinoCore\Debug\libArduinoCore.a(wiring.o)
                0x000021c8                __vector_23
 .text.millis   0x0000225c       0x18 c:\users\hilde\Documents\Atmel Studio\7.0\TalkingRobot\TalkingRobot\ArduinoCore\Debug\libArduinoCore.a(wiring.o)
                0x0000225c                millis
 .text.micros   0x00002274       0x4a c:\users\hilde\Documents\Atmel Studio\7.0\TalkingRobot\TalkingRobot\ArduinoCore\Debug\libArduinoCore.a(wiring.o)
                0x00002274                micros
 .text.delay    0x000022be       0x74 c:\users\hilde\Documents\Atmel Studio\7.0\TalkingRobot\TalkingRobot\ArduinoCore\Debug\libArduinoCore.a(wiring.o)
                0x000022be                delay
 .text.delayMicroseconds
                0x00002332       0x16 c:\users\hilde\Documents\Atmel Studio\7.0\TalkingRobot\TalkingRobot\ArduinoCore\Debug\libArduinoCore.a(wiring.o)
                0x00002332                delayMicroseconds
 .text.init     0x00002348       0xc4 c:\users\hilde\Documents\Atmel Studio\7.0\TalkingRobot\TalkingRobot\ArduinoCore\Debug\libArduinoCore.a(wiring.o)
                0x00002348                init
 .text.analogRead
                0x0000240c       0x4a c:\users\hilde\Documents\Atmel Studio\7.0\TalkingRobot\TalkingRobot\ArduinoCore\Debug\libArduinoCore.a(wiring_analog.o)
                0x0000240c                analogRead
 .text.turnOffPWM
                0x00002456       0xac c:\users\hilde\Documents\Atmel Studio\7.0\TalkingRobot\TalkingRobot\ArduinoCore\Debug\libArduinoCore.a(wiring_digital.o)
 .text.pinMode  0x00002502       0x78 c:\users\hilde\Documents\Atmel Studio\7.0\TalkingRobot\TalkingRobot\ArduinoCore\Debug\libArduinoCore.a(wiring_digital.o)
                0x00002502                pinMode
 .text.digitalWrite
                0x0000257a       0x5c c:\users\hilde\Documents\Atmel Studio\7.0\TalkingRobot\TalkingRobot\ArduinoCore\Debug\libArduinoCore.a(wiring_digital.o)
                0x0000257a                digitalWrite
 .text.pulseIn  0x000025d6       0x64 c:\users\hilde\Documents\Atmel Studio\7.0\TalkingRobot\TalkingRobot\ArduinoCore\Debug\libArduinoCore.a(wiring_pulse.o)
                0x000025d6                pulseIn
 .text._Z6randoml
                0x0000263a       0x34 c:\users\hilde\Documents\Atmel Studio\7.0\TalkingRobot\TalkingRobot\ArduinoCore\Debug\libArduinoCore.a(WMath.o)
                0x0000263a                _Z6randoml
 .text._Z6randomll
                0x0000266e       0x42 c:\users\hilde\Documents\Atmel Studio\7.0\TalkingRobot\TalkingRobot\ArduinoCore\Debug\libArduinoCore.a(WMath.o)
                0x0000266e                _Z6randomll
 .text._Z3maplllll
                0x000026b0       0x82 c:\users\hilde\Documents\Atmel Studio\7.0\TalkingRobot\TalkingRobot\ArduinoCore\Debug\libArduinoCore.a(WMath.o)
                0x000026b0                _Z3maplllll
 .text._ZN6StringD2Ev
                0x00002732        0xa c:\users\hilde\Documents\Atmel Studio\7.0\TalkingRobot\TalkingRobot\ArduinoCore\Debug\libArduinoCore.a(WString.o)
                0x00002732                _ZN6StringD2Ev
                0x00002732                _ZN6StringD1Ev
 .text._ZN6String10invalidateEv
                0x0000273c       0x24 c:\users\hilde\Documents\Atmel Studio\7.0\TalkingRobot\TalkingRobot\ArduinoCore\Debug\libArduinoCore.a(WString.o)
                0x0000273c                _ZN6String10invalidateEv
 .text._ZN6String12changeBufferEj
                0x00002760       0x34 c:\users\hilde\Documents\Atmel Studio\7.0\TalkingRobot\TalkingRobot\ArduinoCore\Debug\libArduinoCore.a(WString.o)
                0x00002760                _ZN6String12changeBufferEj
 .text._ZN6String7reserveEj
                0x00002794       0x36 c:\users\hilde\Documents\Atmel Studio\7.0\TalkingRobot\TalkingRobot\ArduinoCore\Debug\libArduinoCore.a(WString.o)
                0x00002794                _ZN6String7reserveEj
 .text._ZN6String4copyEPKcj
                0x000027ca       0x3e c:\users\hilde\Documents\Atmel Studio\7.0\TalkingRobot\TalkingRobot\ArduinoCore\Debug\libArduinoCore.a(WString.o)
                0x000027ca                _ZN6String4copyEPKcj
 .text._ZN6StringC2EPKc
                0x00002808       0x28 c:\users\hilde\Documents\Atmel Studio\7.0\TalkingRobot\TalkingRobot\ArduinoCore\Debug\libArduinoCore.a(WString.o)
                0x00002808                _ZN6StringC2EPKc
                0x00002808                _ZN6StringC1EPKc
 .text._ZN6StringaSEPKc
                0x00002830       0x2a c:\users\hilde\Documents\Atmel Studio\7.0\TalkingRobot\TalkingRobot\ArduinoCore\Debug\libArduinoCore.a(WString.o)
                0x00002830                _ZN6StringaSEPKc
 .text._ZN6StringC2Eih
                0x0000285a       0x56 c:\users\hilde\Documents\Atmel Studio\7.0\TalkingRobot\TalkingRobot\ArduinoCore\Debug\libArduinoCore.a(WString.o)
                0x0000285a                _ZN6StringC2Eih
                0x0000285a                _ZN6StringC1Eih
 .text._ZN6StringC2Emh
                0x000028b0       0x58 c:\users\hilde\Documents\Atmel Studio\7.0\TalkingRobot\TalkingRobot\ArduinoCore\Debug\libArduinoCore.a(WString.o)
                0x000028b0                _ZN6StringC1Emh
                0x000028b0                _ZN6StringC2Emh
 .text._ZN6String6concatEPKcj
                0x00002908       0x5a c:\users\hilde\Documents\Atmel Studio\7.0\TalkingRobot\TalkingRobot\ArduinoCore\Debug\libArduinoCore.a(WString.o)
                0x00002908                _ZN6String6concatEPKcj
 .text._ZplRK15StringSumHelperRK6String
                0x00002962       0x22 c:\users\hilde\Documents\Atmel Studio\7.0\TalkingRobot\TalkingRobot\ArduinoCore\Debug\libArduinoCore.a(WString.o)
                0x00002962                _ZplRK15StringSumHelperRK6String
 .text._ZplRK15StringSumHelperPKc
                0x00002984       0x2e c:\users\hilde\Documents\Atmel Studio\7.0\TalkingRobot\TalkingRobot\ArduinoCore\Debug\libArduinoCore.a(WString.o)
                0x00002984                _ZplRK15StringSumHelperPKc
 .text._ZN17AFMotorController8latch_txEv
                0x000029b2       0x4e c:\users\hilde\Documents\Atmel Studio\7.0\TalkingRobot\TalkingRobot\ArduinoCore\Debug\libArduinoCore.a(AFMotor.o)
                0x000029b2                _ZN17AFMotorController8latch_txEv
 .text._ZN17AFMotorController6enableEv
                0x00002a00       0x30 c:\users\hilde\Documents\Atmel Studio\7.0\TalkingRobot\TalkingRobot\ArduinoCore\Debug\libArduinoCore.a(AFMotor.o)
                0x00002a00                _ZN17AFMotorController6enableEv
 .text._Z8initPWM1h
                0x00002a30       0x20 c:\users\hilde\Documents\Atmel Studio\7.0\TalkingRobot\TalkingRobot\ArduinoCore\Debug\libArduinoCore.a(AFMotor.o)
                0x00002a30                _Z8initPWM1h
 .text._Z8initPWM2h
                0x00002a50       0x20 c:\users\hilde\Documents\Atmel Studio\7.0\TalkingRobot\TalkingRobot\ArduinoCore\Debug\libArduinoCore.a(AFMotor.o)
                0x00002a50                _Z8initPWM2h
 .text._Z8initPWM3h
                0x00002a70       0x20 c:\users\hilde\Documents\Atmel Studio\7.0\TalkingRobot\TalkingRobot\ArduinoCore\Debug\libArduinoCore.a(AFMotor.o)
                0x00002a70                _Z8initPWM3h
 .text._Z8initPWM4h
                0x00002a90       0x20 c:\users\hilde\Documents\Atmel Studio\7.0\TalkingRobot\TalkingRobot\ArduinoCore\Debug\libArduinoCore.a(AFMotor.o)
                0x00002a90                _Z8initPWM4h
 .text._ZN10AF_DCMotorC2Ehh
                0x00002ab0       0x8c c:\users\hilde\Documents\Atmel Studio\7.0\TalkingRobot\TalkingRobot\ArduinoCore\Debug\libArduinoCore.a(AFMotor.o)
                0x00002ab0                _ZN10AF_DCMotorC2Ehh
                0x00002ab0                _ZN10AF_DCMotorC1Ehh
 .text._ZN10AF_DCMotor3runEh
                0x00002b3c       0xae c:\users\hilde\Documents\Atmel Studio\7.0\TalkingRobot\TalkingRobot\ArduinoCore\Debug\libArduinoCore.a(AFMotor.o)
                0x00002b3c                _ZN10AF_DCMotor3runEh
 .text._ZN10AF_DCMotor8setSpeedEh
                0x00002bea       0x4a c:\users\hilde\Documents\Atmel Studio\7.0\TalkingRobot\TalkingRobot\ArduinoCore\Debug\libArduinoCore.a(AFMotor.o)
                0x00002bea                _ZN10AF_DCMotor8setSpeedEh
 .text.startup._GLOBAL__sub_I_microstepcurve
                0x00002c34        0x6 c:\users\hilde\Documents\Atmel Studio\7.0\TalkingRobot\TalkingRobot\ArduinoCore\Debug\libArduinoCore.a(AFMotor.o)
 .text._ZN5SDLib4File5writeEh
                0x00002c3a       0x2c c:\users\hilde\Documents\Atmel Studio\7.0\TalkingRobot\TalkingRobot\ArduinoCore\Debug\libArduinoCore.a(File.o)
                0x00002c3a                _ZN5SDLib4File5writeEh
 .text._ZN5SDLib4File5writeEPKhj
                0x00002c66       0x38 c:\users\hilde\Documents\Atmel Studio\7.0\TalkingRobot\TalkingRobot\ArduinoCore\Debug\libArduinoCore.a(File.o)
                0x00002c66                _ZN5SDLib4File5writeEPKhj
 .text._ZN5SDLib4File5flushEv
                0x00002c9e       0x10 c:\users\hilde\Documents\Atmel Studio\7.0\TalkingRobot\TalkingRobot\ArduinoCore\Debug\libArduinoCore.a(File.o)
                0x00002c9e                _ZN5SDLib4File5flushEv
 .text._ZN6SdFile4readEv
                0x00002cae       0x2c c:\users\hilde\Documents\Atmel Studio\7.0\TalkingRobot\TalkingRobot\ArduinoCore\Debug\libArduinoCore.a(File.o)
                0x00002cae                _ZN6SdFile4readEv
 .text._ZN5SDLib4File4readEv
                0x00002cda       0x12 c:\users\hilde\Documents\Atmel Studio\7.0\TalkingRobot\TalkingRobot\ArduinoCore\Debug\libArduinoCore.a(File.o)
                0x00002cda                _ZN5SDLib4File4readEv
 .text._ZN5SDLib4File4peekEv
                0x00002cec       0x52 c:\users\hilde\Documents\Atmel Studio\7.0\TalkingRobot\TalkingRobot\ArduinoCore\Debug\libArduinoCore.a(File.o)
                0x00002cec                _ZN5SDLib4File4peekEv
 .text._ZN5SDLib4FileC2E6SdFilePKc
                0x00002d3e       0x6a c:\users\hilde\Documents\Atmel Studio\7.0\TalkingRobot\TalkingRobot\ArduinoCore\Debug\libArduinoCore.a(File.o)
                0x00002d3e                _ZN5SDLib4FileC1E6SdFilePKc
                0x00002d3e                _ZN5SDLib4FileC2E6SdFilePKc
 .text._ZN5SDLib4FileC2Ev
                0x00002da8       0x26 c:\users\hilde\Documents\Atmel Studio\7.0\TalkingRobot\TalkingRobot\ArduinoCore\Debug\libArduinoCore.a(File.o)
                0x00002da8                _ZN5SDLib4FileC2Ev
                0x00002da8                _ZN5SDLib4FileC1Ev
 .text._ZN5SDLib4File4readEPvj
                0x00002dce       0x12 c:\users\hilde\Documents\Atmel Studio\7.0\TalkingRobot\TalkingRobot\ArduinoCore\Debug\libArduinoCore.a(File.o)
                0x00002dce                _ZN5SDLib4File4readEPvj
 .text._ZN5SDLib4File4seekEm
                0x00002de0       0x18 c:\users\hilde\Documents\Atmel Studio\7.0\TalkingRobot\TalkingRobot\ArduinoCore\Debug\libArduinoCore.a(File.o)
                0x00002de0                _ZN5SDLib4File4seekEm
 .text._ZN5SDLib4File8positionEv
                0x00002df8       0x20 c:\users\hilde\Documents\Atmel Studio\7.0\TalkingRobot\TalkingRobot\ArduinoCore\Debug\libArduinoCore.a(File.o)
                0x00002df8                _ZN5SDLib4File8positionEv
 .text._ZN5SDLib4File4sizeEv
                0x00002e18       0x20 c:\users\hilde\Documents\Atmel Studio\7.0\TalkingRobot\TalkingRobot\ArduinoCore\Debug\libArduinoCore.a(File.o)
                0x00002e18                _ZN5SDLib4File4sizeEv
 .text._ZN5SDLib4File9availableEv
                0x00002e38       0x5a c:\users\hilde\Documents\Atmel Studio\7.0\TalkingRobot\TalkingRobot\ArduinoCore\Debug\libArduinoCore.a(File.o)
                0x00002e38                _ZN5SDLib4File9availableEv
 .text._ZN5SDLib4File5closeEv
                0x00002e92       0x24 c:\users\hilde\Documents\Atmel Studio\7.0\TalkingRobot\TalkingRobot\ArduinoCore\Debug\libArduinoCore.a(File.o)
                0x00002e92                _ZN5SDLib4File5closeEv
 .text._ZN5SDLib4FilecvbEv
                0x00002eb6       0x1a c:\users\hilde\Documents\Atmel Studio\7.0\TalkingRobot\TalkingRobot\ArduinoCore\Debug\libArduinoCore.a(File.o)
                0x00002eb6                _ZN5SDLib4FilecvbEv
 .text._ZN8SdVolume4initEP7Sd2Card
                0x00002ed0       0x34 c:\users\hilde\Documents\Atmel Studio\7.0\TalkingRobot\TalkingRobot\ArduinoCore\Debug\libArduinoCore.a(SD.o)
                0x00002ed0                _ZN8SdVolume4initEP7Sd2Card
 .text._ZN5SDLib7SDClass5beginEh
                0x00002f04       0x40 c:\users\hilde\Documents\Atmel Studio\7.0\TalkingRobot\TalkingRobot\ArduinoCore\Debug\libArduinoCore.a(SD.o)
                0x00002f04                _ZN5SDLib7SDClass5beginEh
 .text._ZN6SdFileC2ERKS_
                0x00002f44       0xa2 c:\users\hilde\Documents\Atmel Studio\7.0\TalkingRobot\TalkingRobot\ArduinoCore\Debug\libArduinoCore.a(SD.o)
                0x00002f44                _ZN6SdFileC1ERKS_
                0x00002f44                _ZN6SdFileC2ERKS_
 .text._ZN5SDLib7SDClass12getParentDirEPKcPi
                0x00002fe6      0x138 c:\users\hilde\Documents\Atmel Studio\7.0\TalkingRobot\TalkingRobot\ArduinoCore\Debug\libArduinoCore.a(SD.o)
                0x00002fe6                _ZN5SDLib7SDClass12getParentDirEPKcPi
 .text._ZN5SDLib7SDClass4openEPKch
                0x0000311e      0x102 c:\users\hilde\Documents\Atmel Studio\7.0\TalkingRobot\TalkingRobot\ArduinoCore\Debug\libArduinoCore.a(SD.o)
                0x0000311e                _ZN5SDLib7SDClass4openEPKch
 .text.startup._GLOBAL__sub_I__ZN5SDLib20getNextPathComponentEPKcPjPc
                0x00003220       0x2e c:\users\hilde\Documents\Atmel Studio\7.0\TalkingRobot\TalkingRobot\ArduinoCore\Debug\libArduinoCore.a(SD.o)
 .text._ZN8SPIClass14endTransactionEv.part.3
                0x0000324e       0x1a c:\users\hilde\Documents\Atmel Studio\7.0\TalkingRobot\TalkingRobot\ArduinoCore\Debug\libArduinoCore.a(Sd2Card.o)
 .text._ZN11SPISettingsC2Emhh
                0x00003268       0x4a c:\users\hilde\Documents\Atmel Studio\7.0\TalkingRobot\TalkingRobot\ArduinoCore\Debug\libArduinoCore.a(Sd2Card.o)
                0x00003268                _ZN11SPISettingsC1Emhh
                0x00003268                _ZN11SPISettingsC2Emhh
 .text._ZN8SPIClass16beginTransactionE11SPISettings
                0x000032b2       0x34 c:\users\hilde\Documents\Atmel Studio\7.0\TalkingRobot\TalkingRobot\ArduinoCore\Debug\libArduinoCore.a(Sd2Card.o)
                0x000032b2                _ZN8SPIClass16beginTransactionE11SPISettings
 .text._ZN8SPIClass8transferEh
                0x000032e6        0xe c:\users\hilde\Documents\Atmel Studio\7.0\TalkingRobot\TalkingRobot\ArduinoCore\Debug\libArduinoCore.a(Sd2Card.o)
                0x000032e6                _ZN8SPIClass8transferEh
 .text._ZL6spiRecv
                0x000032f4        0x4 c:\users\hilde\Documents\Atmel Studio\7.0\TalkingRobot\TalkingRobot\ArduinoCore\Debug\libArduinoCore.a(Sd2Card.o)
 .text._ZN7Sd2Card14chipSelectHighEv
                0x000032f8       0x1e c:\users\hilde\Documents\Atmel Studio\7.0\TalkingRobot\TalkingRobot\ArduinoCore\Debug\libArduinoCore.a(Sd2Card.o)
                0x000032f8                _ZN7Sd2Card14chipSelectHighEv
 .text._ZN7Sd2Card13chipSelectLowEv
                0x00003316       0x28 c:\users\hilde\Documents\Atmel Studio\7.0\TalkingRobot\TalkingRobot\ArduinoCore\Debug\libArduinoCore.a(Sd2Card.o)
                0x00003316                _ZN7Sd2Card13chipSelectLowEv
 .text._ZN7Sd2Card7readEndEv
                0x0000333e       0x30 c:\users\hilde\Documents\Atmel Studio\7.0\TalkingRobot\TalkingRobot\ArduinoCore\Debug\libArduinoCore.a(Sd2Card.o)
                0x0000333e                _ZN7Sd2Card7readEndEv
 .text._ZN7Sd2Card10setSckRateEh
                0x0000336e       0xb4 c:\users\hilde\Documents\Atmel Studio\7.0\TalkingRobot\TalkingRobot\ArduinoCore\Debug\libArduinoCore.a(Sd2Card.o)
                0x0000336e                _ZN7Sd2Card10setSckRateEh
 .text._ZN7Sd2Card11waitNotBusyEj
                0x00003422       0x34 c:\users\hilde\Documents\Atmel Studio\7.0\TalkingRobot\TalkingRobot\ArduinoCore\Debug\libArduinoCore.a(Sd2Card.o)
                0x00003422                _ZN7Sd2Card11waitNotBusyEj
 .text._ZN7Sd2Card11cardCommandEhm
                0x00003456       0x90 c:\users\hilde\Documents\Atmel Studio\7.0\TalkingRobot\TalkingRobot\ArduinoCore\Debug\libArduinoCore.a(Sd2Card.o)
                0x00003456                _ZN7Sd2Card11cardCommandEhm
 .text._ZN7Sd2Card4initEhh
                0x000034e6      0x18e c:\users\hilde\Documents\Atmel Studio\7.0\TalkingRobot\TalkingRobot\ArduinoCore\Debug\libArduinoCore.a(Sd2Card.o)
                0x000034e6                _ZN7Sd2Card4initEhh
 .text._ZN7Sd2Card14waitStartBlockEv
                0x00003674       0x46 c:\users\hilde\Documents\Atmel Studio\7.0\TalkingRobot\TalkingRobot\ArduinoCore\Debug\libArduinoCore.a(Sd2Card.o)
                0x00003674                _ZN7Sd2Card14waitStartBlockEv
 .text._ZN7Sd2Card8readDataEmjjPh.part.6
                0x000036ba       0xec c:\users\hilde\Documents\Atmel Studio\7.0\TalkingRobot\TalkingRobot\ArduinoCore\Debug\libArduinoCore.a(Sd2Card.o)
 .text._ZN7Sd2Card8readDataEmjjPh
                0x000037a6       0x1e c:\users\hilde\Documents\Atmel Studio\7.0\TalkingRobot\TalkingRobot\ArduinoCore\Debug\libArduinoCore.a(Sd2Card.o)
                0x000037a6                _ZN7Sd2Card8readDataEmjjPh
 .text._ZN7Sd2Card9readBlockEmPh
                0x000037c4       0x1e c:\users\hilde\Documents\Atmel Studio\7.0\TalkingRobot\TalkingRobot\ArduinoCore\Debug\libArduinoCore.a(Sd2Card.o)
                0x000037c4                _ZN7Sd2Card9readBlockEmPh
 .text._ZN7Sd2Card9writeDataEhPKh
                0x000037e2       0x54 c:\users\hilde\Documents\Atmel Studio\7.0\TalkingRobot\TalkingRobot\ArduinoCore\Debug\libArduinoCore.a(Sd2Card.o)
                0x000037e2                _ZN7Sd2Card9writeDataEhPKh
 .text._ZN7Sd2Card10writeBlockEmPKh
                0x00003836       0x8e c:\users\hilde\Documents\Atmel Studio\7.0\TalkingRobot\TalkingRobot\ArduinoCore\Debug\libArduinoCore.a(Sd2Card.o)
                0x00003836                _ZN7Sd2Card10writeBlockEmPKh
 .text.startup._GLOBAL__sub_I__ZN7Sd2Card11cardCommandEhm
                0x000038c4        0xc c:\users\hilde\Documents\Atmel Studio\7.0\TalkingRobot\TalkingRobot\ArduinoCore\Debug\libArduinoCore.a(Sd2Card.o)
 .text._ZN6SdFile10addClusterEv
                0x000038d0       0x4e c:\users\hilde\Documents\Atmel Studio\7.0\TalkingRobot\TalkingRobot\ArduinoCore\Debug\libArduinoCore.a(SdFile.o)
                0x000038d0                _ZN6SdFile10addClusterEv
 .text._ZN6SdFile13addDirClusterEv
                0x0000391e       0xbc c:\users\hilde\Documents\Atmel Studio\7.0\TalkingRobot\TalkingRobot\ArduinoCore\Debug\libArduinoCore.a(SdFile.o)
                0x0000391e                _ZN6SdFile13addDirClusterEv
 .text._ZN6SdFile13cacheDirEntryEh
                0x000039da       0x30 c:\users\hilde\Documents\Atmel Studio\7.0\TalkingRobot\TalkingRobot\ArduinoCore\Debug\libArduinoCore.a(SdFile.o)
                0x000039da                _ZN6SdFile13cacheDirEntryEh
 .text._ZN6SdFile10make83NameEPKcPh
                0x00003a0a       0x72 c:\users\hilde\Documents\Atmel Studio\7.0\TalkingRobot\TalkingRobot\ArduinoCore\Debug\libArduinoCore.a(SdFile.o)
                0x00003a0a                _ZN6SdFile10make83NameEPKcPh
 .text._ZN6SdFile8openRootEP8SdVolume
                0x00003a7c       0xa0 c:\users\hilde\Documents\Atmel Studio\7.0\TalkingRobot\TalkingRobot\ArduinoCore\Debug\libArduinoCore.a(SdFile.o)
                0x00003a7c                _ZN6SdFile8openRootEP8SdVolume
 .text._ZN6SdFile4readEPvj
                0x00003b1c      0x204 c:\users\hilde\Documents\Atmel Studio\7.0\TalkingRobot\TalkingRobot\ArduinoCore\Debug\libArduinoCore.a(SdFile.o)
                0x00003b1c                _ZN6SdFile4readEPvj
 .text._ZN6SdFile12readDirCacheEv
                0x00003d20       0x90 c:\users\hilde\Documents\Atmel Studio\7.0\TalkingRobot\TalkingRobot\ArduinoCore\Debug\libArduinoCore.a(SdFile.o)
                0x00003d20                _ZN6SdFile12readDirCacheEv
 .text._ZN6SdFile7seekSetEm
                0x00003db0      0x12c c:\users\hilde\Documents\Atmel Studio\7.0\TalkingRobot\TalkingRobot\ArduinoCore\Debug\libArduinoCore.a(SdFile.o)
                0x00003db0                _ZN6SdFile7seekSetEm
 .text._ZN6SdFile4syncEv
                0x00003edc       0x8a c:\users\hilde\Documents\Atmel Studio\7.0\TalkingRobot\TalkingRobot\ArduinoCore\Debug\libArduinoCore.a(SdFile.o)
                0x00003edc                _ZN6SdFile4syncEv
 .text._ZN6SdFile5closeEv
                0x00003f66       0x16 c:\users\hilde\Documents\Atmel Studio\7.0\TalkingRobot\TalkingRobot\ArduinoCore\Debug\libArduinoCore.a(SdFile.o)
                0x00003f66                _ZN6SdFile5closeEv
 .text._ZN6SdFile8truncateEm
                0x00003f7c      0x15a c:\users\hilde\Documents\Atmel Studio\7.0\TalkingRobot\TalkingRobot\ArduinoCore\Debug\libArduinoCore.a(SdFile.o)
                0x00003f7c                _ZN6SdFile8truncateEm
 .text._ZN6SdFile15openCachedEntryEhh
                0x000040d6       0xcc c:\users\hilde\Documents\Atmel Studio\7.0\TalkingRobot\TalkingRobot\ArduinoCore\Debug\libArduinoCore.a(SdFile.o)
                0x000040d6                _ZN6SdFile15openCachedEntryEhh
 .text._ZN6SdFile4openEPS_PKch
                0x000041a2      0x1cc c:\users\hilde\Documents\Atmel Studio\7.0\TalkingRobot\TalkingRobot\ArduinoCore\Debug\libArduinoCore.a(SdFile.o)
                0x000041a2                _ZN6SdFile4openEPS_PKch
 .text._ZN6SdFile5writeEPKvj
                0x0000436e      0x334 c:\users\hilde\Documents\Atmel Studio\7.0\TalkingRobot\TalkingRobot\ArduinoCore\Debug\libArduinoCore.a(SdFile.o)
                0x0000436e                _ZN6SdFile5writeEPKvj
 .text._ZN6SdFile5writeEh
                0x000046a2       0x20 c:\users\hilde\Documents\Atmel Studio\7.0\TalkingRobot\TalkingRobot\ArduinoCore\Debug\libArduinoCore.a(SdFile.o)
                0x000046a2                _ZN6SdFile5writeEh
 .text._ZN8SdVolume10cacheFlushEv
                0x000046c2       0x72 c:\users\hilde\Documents\Atmel Studio\7.0\TalkingRobot\TalkingRobot\ArduinoCore\Debug\libArduinoCore.a(SdVolume.o)
                0x000046c2                _ZN8SdVolume10cacheFlushEv
 .text._ZN8SdVolume13cacheRawBlockEmh
                0x00004734       0x72 c:\users\hilde\Documents\Atmel Studio\7.0\TalkingRobot\TalkingRobot\ArduinoCore\Debug\libArduinoCore.a(SdVolume.o)
                0x00004734                _ZN8SdVolume13cacheRawBlockEmh
 .text._ZN8SdVolume14cacheZeroBlockEm
                0x000047a6       0x46 c:\users\hilde\Documents\Atmel Studio\7.0\TalkingRobot\TalkingRobot\ArduinoCore\Debug\libArduinoCore.a(SdVolume.o)
                0x000047a6                _ZN8SdVolume14cacheZeroBlockEm
 .text._ZNK8SdVolume6fatGetEmPm
                0x000047ec      0x104 c:\users\hilde\Documents\Atmel Studio\7.0\TalkingRobot\TalkingRobot\ArduinoCore\Debug\libArduinoCore.a(SdVolume.o)
                0x000047ec                _ZNK8SdVolume6fatGetEmPm
 .text._ZNK8SdVolume9chainSizeEmPm
                0x000048f0       0xd0 c:\users\hilde\Documents\Atmel Studio\7.0\TalkingRobot\TalkingRobot\ArduinoCore\Debug\libArduinoCore.a(SdVolume.o)
                0x000048f0                _ZNK8SdVolume9chainSizeEmPm
 .text._ZN8SdVolume6fatPutEmm
                0x000049c0      0x140 c:\users\hilde\Documents\Atmel Studio\7.0\TalkingRobot\TalkingRobot\ArduinoCore\Debug\libArduinoCore.a(SdVolume.o)
                0x000049c0                _ZN8SdVolume6fatPutEmm
 .text._ZN8SdVolume15allocContiguousEmPm
                0x00004b00      0x222 c:\users\hilde\Documents\Atmel Studio\7.0\TalkingRobot\TalkingRobot\ArduinoCore\Debug\libArduinoCore.a(SdVolume.o)
                0x00004b00                _ZN8SdVolume15allocContiguousEmPm
 .text._ZN8SdVolume9freeChainEm
                0x00004d22       0xa8 c:\users\hilde\Documents\Atmel Studio\7.0\TalkingRobot\TalkingRobot\ArduinoCore\Debug\libArduinoCore.a(SdVolume.o)
                0x00004d22                _ZN8SdVolume9freeChainEm
 .text._ZN8SdVolume4initEP7Sd2Cardh
                0x00004dca      0x22a c:\users\hilde\Documents\Atmel Studio\7.0\TalkingRobot\TalkingRobot\ArduinoCore\Debug\libArduinoCore.a(SdVolume.o)
                0x00004dca                _ZN8SdVolume4initEP7Sd2Cardh
 .text._ZL17handle_interrupts18timer16_Sequence_tPVjS1_
                0x00004ff4      0x190 c:\users\hilde\Documents\Atmel Studio\7.0\TalkingRobot\TalkingRobot\ArduinoCore\Debug\libArduinoCore.a(Servo.o)
 .text.__vector_17
                0x00005184       0x58 c:\users\hilde\Documents\Atmel Studio\7.0\TalkingRobot\TalkingRobot\ArduinoCore\Debug\libArduinoCore.a(Servo.o)
                0x00005184                __vector_17
 .text.__vector_32
                0x000051dc       0x58 c:\users\hilde\Documents\Atmel Studio\7.0\TalkingRobot\TalkingRobot\ArduinoCore\Debug\libArduinoCore.a(Servo.o)
                0x000051dc                __vector_32
 .text.__vector_42
                0x00005234       0x58 c:\users\hilde\Documents\Atmel Studio\7.0\TalkingRobot\TalkingRobot\ArduinoCore\Debug\libArduinoCore.a(Servo.o)
                0x00005234                __vector_42
 .text.__vector_47
                0x0000528c       0x58 c:\users\hilde\Documents\Atmel Studio\7.0\TalkingRobot\TalkingRobot\ArduinoCore\Debug\libArduinoCore.a(Servo.o)
                0x0000528c                __vector_47
 .text._ZN5ServoC2Ev
                0x000052e4       0x38 c:\users\hilde\Documents\Atmel Studio\7.0\TalkingRobot\TalkingRobot\ArduinoCore\Debug\libArduinoCore.a(Servo.o)
                0x000052e4                _ZN5ServoC1Ev
                0x000052e4                _ZN5ServoC2Ev
 .text._ZN5Servo6attachEiii
                0x0000531c      0x156 c:\users\hilde\Documents\Atmel Studio\7.0\TalkingRobot\TalkingRobot\ArduinoCore\Debug\libArduinoCore.a(Servo.o)
                0x0000531c                _ZN5Servo6attachEiii
 .text._ZN5Servo6attachEi
                0x00005472        0xa c:\users\hilde\Documents\Atmel Studio\7.0\TalkingRobot\TalkingRobot\ArduinoCore\Debug\libArduinoCore.a(Servo.o)
                0x00005472                _ZN5Servo6attachEi
 .text._ZN5Servo17writeMicrosecondsEi
                0x0000547c       0x6c c:\users\hilde\Documents\Atmel Studio\7.0\TalkingRobot\TalkingRobot\ArduinoCore\Debug\libArduinoCore.a(Servo.o)
                0x0000547c                _ZN5Servo17writeMicrosecondsEi
 .text._ZN5Servo5writeEi
                0x000054e8       0xb6 c:\users\hilde\Documents\Atmel Studio\7.0\TalkingRobot\TalkingRobot\ArduinoCore\Debug\libArduinoCore.a(Servo.o)
                0x000054e8                _ZN5Servo5writeEi
 .text._ZN8SPIClass5beginEv
                0x0000559e       0x6c c:\users\hilde\Documents\Atmel Studio\7.0\TalkingRobot\TalkingRobot\ArduinoCore\Debug\libArduinoCore.a(SPI.o)
                0x0000559e                _ZN8SPIClass5beginEv
 .text._ZN6TMRpcm7timerStEv
                0x0000560a       0x4e c:\users\hilde\Documents\Atmel Studio\7.0\TalkingRobot\TalkingRobot\ArduinoCore\Debug\libArduinoCore.a(TMRpcm.o)
                0x0000560a                _ZN6TMRpcm7timerStEv
 .text._ZN5SDLib4FileaSEOS0_
                0x00005658       0x62 c:\users\hilde\Documents\Atmel Studio\7.0\TalkingRobot\TalkingRobot\ArduinoCore\Debug\libArduinoCore.a(TMRpcm.o)
                0x00005658                _ZN5SDLib4FileaSEOS0_
 .text._ZN6TMRpcm4seekEm
                0x000056ba        0x8 c:\users\hilde\Documents\Atmel Studio\7.0\TalkingRobot\TalkingRobot\ArduinoCore\Debug\libArduinoCore.a(TMRpcm.o)
                0x000056ba                _ZN6TMRpcm4seekEm
 .text._ZN6TMRpcm6ifOpenEv
                0x000056c2       0x12 c:\users\hilde\Documents\Atmel Studio\7.0\TalkingRobot\TalkingRobot\ArduinoCore\Debug\libArduinoCore.a(TMRpcm.o)
                0x000056c2                _ZN6TMRpcm6ifOpenEv
 .text._ZN6TMRpcm7wavInfoEPc
                0x000056d4      0x10a c:\users\hilde\Documents\Atmel Studio\7.0\TalkingRobot\TalkingRobot\ArduinoCore\Debug\libArduinoCore.a(TMRpcm.o)
                0x000056d4                _ZN6TMRpcm7wavInfoEPc
 .text._ZN6TMRpcm12stopPlaybackEv
                0x000057de       0x2e c:\users\hilde\Documents\Atmel Studio\7.0\TalkingRobot\TalkingRobot\ArduinoCore\Debug\libArduinoCore.a(TMRpcm.o)
                0x000057de                _ZN6TMRpcm12stopPlaybackEv
 .text._ZN6TMRpcm9setVolumeEc
                0x0000580c        0x8 c:\users\hilde\Documents\Atmel Studio\7.0\TalkingRobot\TalkingRobot\ArduinoCore\Debug\libArduinoCore.a(TMRpcm.o)
                0x0000580c                _ZN6TMRpcm9setVolumeEc
 .text.__vector_16
                0x00005814      0x12e c:\users\hilde\Documents\Atmel Studio\7.0\TalkingRobot\TalkingRobot\ArduinoCore\Debug\libArduinoCore.a(TMRpcm.o)
                0x00005814                __vector_31
                0x00005814                __vector_41
                0x00005814                __vector_16
                0x00005814                __vector_46
 .text.__vector_20
                0x00005942       0xdc c:\users\hilde\Documents\Atmel Studio\7.0\TalkingRobot\TalkingRobot\ArduinoCore\Debug\libArduinoCore.a(TMRpcm.o)
                0x00005942                __vector_45
                0x00005942                __vector_50
                0x00005942                __vector_20
                0x00005942                __vector_35
 .text._ZN6TMRpcm7disableEv
                0x00005a1e      0x14c c:\users\hilde\Documents\Atmel Studio\7.0\TalkingRobot\TalkingRobot\ArduinoCore\Debug\libArduinoCore.a(TMRpcm.o)
                0x00005a1e                _ZN6TMRpcm7disableEv
 .text._ZN6TMRpcm6setPinEv
                0x00005b6a       0x44 c:\users\hilde\Documents\Atmel Studio\7.0\TalkingRobot\TalkingRobot\ArduinoCore\Debug\libArduinoCore.a(TMRpcm.o)
                0x00005b6a                _ZN6TMRpcm6setPinEv
 .text._ZN6TMRpcm4playEPcm
                0x00005bae      0x286 c:\users\hilde\Documents\Atmel Studio\7.0\TalkingRobot\TalkingRobot\ArduinoCore\Debug\libArduinoCore.a(TMRpcm.o)
                0x00005bae                _ZN6TMRpcm4playEPcm
 .text._ZN6TMRpcm4playEPc
                0x00005e34        0x8 c:\users\hilde\Documents\Atmel Studio\7.0\TalkingRobot\TalkingRobot\ArduinoCore\Debug\libArduinoCore.a(TMRpcm.o)
                0x00005e34                _ZN6TMRpcm4playEPc
 .text.startup._GLOBAL__sub_I_TIMSK
                0x00005e3c        0x8 c:\users\hilde\Documents\Atmel Studio\7.0\TalkingRobot\TalkingRobot\ArduinoCore\Debug\libArduinoCore.a(TMRpcm.o)
 .text.__empty  0x00005e44        0x2 c:\users\hilde\Documents\Atmel Studio\7.0\TalkingRobot\TalkingRobot\ArduinoCore\Debug\libArduinoCore.a(hooks.o)
                0x00005e44                yield
 .text.libgcc.mul
                0x00005e46       0x1e c:/program files (x86)/atmel/studio/7.0/toolchain/avr8/avr8-gnu-toolchain/bin/../lib/gcc/avr/5.4.0/avr6\libgcc.a(_mulsi3.o)
                0x00005e46                __mulsi3
 .text.libgcc.div
                0x00005e64       0x18 c:/program files (x86)/atmel/studio/7.0/toolchain/avr8/avr8-gnu-toolchain/bin/../lib/gcc/avr/5.4.0/avr6\libgcc.a(_udivmodqi4.o)
                0x00005e64                __udivmodqi4
 .text.libgcc.div
                0x00005e7c       0x26 c:/program files (x86)/atmel/studio/7.0/toolchain/avr8/avr8-gnu-toolchain/bin/../lib/gcc/avr/5.4.0/avr6\libgcc.a(_divmodhi4.o)
                0x00005e7c                _div
                0x00005e7c                __divmodhi4
 .text.libgcc.div
                0x00005ea2       0x44 c:/program files (x86)/atmel/studio/7.0/toolchain/avr8/avr8-gnu-toolchain/bin/../lib/gcc/avr/5.4.0/avr6\libgcc.a(_udivmodsi4.o)
                0x00005ea2                __udivmodsi4
 .text.libgcc.div
                0x00005ee6       0x28 c:/program files (x86)/atmel/studio/7.0/toolchain/avr8/avr8-gnu-toolchain/bin/../lib/gcc/avr/5.4.0/avr6\libgcc.a(_divmodsi4.o)
                0x00005ee6                __divmodsi4
 .text.libgcc.div
                0x00005f0e       0x10 c:/program files (x86)/atmel/studio/7.0/toolchain/avr8/avr8-gnu-toolchain/bin/../lib/gcc/avr/5.4.0/avr6\libgcc.a(_negsi2.o)
                0x00005f0e                __negsi2
 .text.libgcc   0x00005f1e       0x10 c:/program files (x86)/atmel/studio/7.0/toolchain/avr8/avr8-gnu-toolchain/bin/../lib/gcc/avr/5.4.0/avr6\libgcc.a(_tablejump2.o)
                0x00005f1e                __tablejump2__
 .text.libgcc.mul
                0x00005f2e       0x1e c:/program files (x86)/atmel/studio/7.0/toolchain/avr8/avr8-gnu-toolchain/bin/../lib/gcc/avr/5.4.0/avr6\libgcc.a(_umulhisi3.o)
                0x00005f2e                __umulhisi3
 .text.libgcc.mul
                0x00005f4c       0x14 c:/program files (x86)/atmel/studio/7.0/toolchain/avr8/avr8-gnu-toolchain/bin/../lib/gcc/avr/5.4.0/avr6\libgcc.a(_muluhisi3.o)
                0x00005f4c                __muluhisi3
 .text.libgcc.div
                0x00005f60       0x28 c:/program files (x86)/atmel/studio/7.0/toolchain/avr8/avr8-gnu-toolchain/bin/../lib/gcc/avr/5.4.0/avr6\libgcc.a(_udivmodhi4.o)
                0x00005f60                __udivmodhi4
 .text.avr-libc
                0x00005f88      0x242 c:/program files (x86)/atmel/studio/7.0/toolchain/avr8/avr8-gnu-toolchain/bin/../lib/gcc/avr/5.4.0/../../../../avr/lib/avr6\libc.a(malloc.o)
                0x00005f88                malloc
                0x000060b8                free
 .text.avr-libc
                0x000061ca      0x138 c:/program files (x86)/atmel/studio/7.0/toolchain/avr8/avr8-gnu-toolchain/bin/../lib/gcc/avr/5.4.0/../../../../avr/lib/avr6\libc.a(random.o)
                0x000061ca                random_r
                0x0000625a                random
                0x000062f0                srandom
 .text.avr-libc
                0x00006302      0x1c0 c:/program files (x86)/atmel/studio/7.0/toolchain/avr8/avr8-gnu-toolchain/bin/../lib/gcc/avr/5.4.0/../../../../avr/lib/avr6\libc.a(realloc.o)
                0x00006302                realloc
 .text.avr-libc
                0x000064c2       0x1a c:/program files (x86)/atmel/studio/7.0/toolchain/avr8/avr8-gnu-toolchain/bin/../lib/gcc/avr/5.4.0/../../../../avr/lib/avr6\libc.a(memcmp.o)
                0x000064c2                memcmp
 .text.avr-libc
                0x000064dc       0x12 c:/program files (x86)/atmel/studio/7.0/toolchain/avr8/avr8-gnu-toolchain/bin/../lib/gcc/avr/5.4.0/../../../../avr/lib/avr6\libc.a(memcpy.o)
                0x000064dc                memcpy
 .text.avr-libc
                0x000064ee       0x16 c:/program files (x86)/atmel/studio/7.0/toolchain/avr8/avr8-gnu-toolchain/bin/../lib/gcc/avr/5.4.0/../../../../avr/lib/avr6\libc.a(strchr.o)
                0x000064ee                strchr
 .text.avr-libc
                0x00006504        0xe c:/program files (x86)/atmel/studio/7.0/toolchain/avr8/avr8-gnu-toolchain/bin/../lib/gcc/avr/5.4.0/../../../../avr/lib/avr6\libc.a(strcpy.o)
                0x00006504                strcpy
 .text.avr-libc
                0x00006512       0x1e c:/program files (x86)/atmel/studio/7.0/toolchain/avr8/avr8-gnu-toolchain/bin/../lib/gcc/avr/5.4.0/../../../../avr/lib/avr6\libc.a(strncpy.o)
                0x00006512                strncpy
 .text.avr-libc
                0x00006530       0x14 c:/program files (x86)/atmel/studio/7.0/toolchain/avr8/avr8-gnu-toolchain/bin/../lib/gcc/avr/5.4.0/../../../../avr/lib/avr6\libc.a(itoa.o)
                0x00006530                __itoa
                0x00006530                itoa
 .text.avr-libc
                0x00006544       0x14 c:/program files (x86)/atmel/studio/7.0/toolchain/avr8/avr8-gnu-toolchain/bin/../lib/gcc/avr/5.4.0/../../../../avr/lib/avr6\libc.a(itoa_ncheck.o)
                0x00006544                __itoa_ncheck
 .text.avr-libc
                0x00006558       0x14 c:/program files (x86)/atmel/studio/7.0/toolchain/avr8/avr8-gnu-toolchain/bin/../lib/gcc/avr/5.4.0/../../../../avr/lib/avr6\libc.a(ultoa.o)
                0x00006558                ultoa
                0x00006558                __ultoa
 .text.avr-libc
                0x0000656c       0x42 c:/program files (x86)/atmel/studio/7.0/toolchain/avr8/avr8-gnu-toolchain/bin/../lib/gcc/avr/5.4.0/../../../../avr/lib/avr6\libc.a(ultoa_ncheck.o)
                0x0000656c                __ultoa_ncheck
                0x0000656e                __ultoa_common
 .text.avr-libc
                0x000065ae       0x32 c:/program files (x86)/atmel/studio/7.0/toolchain/avr8/avr8-gnu-toolchain/bin/../lib/gcc/avr/5.4.0/../../../../avr/lib/avr6\libc.a(utoa_ncheck.o)
                0x000065ae                __utoa_ncheck
                0x000065b0                __utoa_common
 .text.avr-libc
                0x000065e0       0x5c c:/program files (x86)/atmel/studio/7.0/toolchain/avr8/avr8-gnu-toolchain/bin/../lib/gcc/avr/5.4.0/../../../../avr/lib/avr6\libc.a(sprintf.o)
                0x000065e0                sprintf
 .text.avr-libc
                0x0000663c      0x3fa c:/program files (x86)/atmel/studio/7.0/toolchain/avr8/avr8-gnu-toolchain/bin/../lib/gcc/avr/5.4.0/../../../../avr/lib/avr6\libc.a(vfprintf_std.o)
                0x0000663c                vfprintf
 .text.avr-libc
                0x00006a36       0x16 c:/program files (x86)/atmel/studio/7.0/toolchain/avr8/avr8-gnu-toolchain/bin/../lib/gcc/avr/5.4.0/../../../../avr/lib/avr6\libc.a(strnlen_P.o)
                0x00006a36                strnlen_P
 .text.avr-libc
                0x00006a4c       0x16 c:/program files (x86)/atmel/studio/7.0/toolchain/avr8/avr8-gnu-toolchain/bin/../lib/gcc/avr/5.4.0/../../../../avr/lib/avr6\libc.a(strnlen.o)
                0x00006a4c                strnlen
 .text.avr-libc
                0x00006a62       0x20 c:/program files (x86)/atmel/studio/7.0/toolchain/avr8/avr8-gnu-toolchain/bin/../lib/gcc/avr/5.4.0/../../../../avr/lib/avr6\libc.a(strrev.o)
                0x00006a62                strrev
 .text.avr-libc
                0x00006a82       0x78 c:/program files (x86)/atmel/studio/7.0/toolchain/avr8/avr8-gnu-toolchain/bin/../lib/gcc/avr/5.4.0/../../../../avr/lib/avr6\libc.a(fputc.o)
                0x00006a82                fputc
 .text.avr-libc
                0x00006afa       0xbc c:/program files (x86)/atmel/studio/7.0/toolchain/avr8/avr8-gnu-toolchain/bin/../lib/gcc/avr/5.4.0/../../../../avr/lib/avr6\libc.a(ultoa_invert.o)
                0x00006afa                __ultoa_invert
 .text.libgcc.mul
                0x00006bb6        0xc c:/program files (x86)/atmel/studio/7.0/toolchain/avr8/avr8-gnu-toolchain/bin/../lib/gcc/avr/5.4.0/avr6\libgcc.a(_mulshisi3.o)
                0x00006bb6                __mulshisi3
                0x00006bba                __mulohisi3
                0x00006bc2                . = ALIGN (0x2)
 *(.fini9)
 .fini9         0x00006bc2        0x0 c:/program files (x86)/atmel/studio/7.0/toolchain/avr8/avr8-gnu-toolchain/bin/../lib/gcc/avr/5.4.0/avr6\libgcc.a(_exit.o)
                0x00006bc2                _exit
                0x00006bc2                exit
 *(.fini9)
 *(.fini8)
 *(.fini8)
 *(.fini7)
 *(.fini7)
 *(.fini6)
 *(.fini6)
 *(.fini5)
 *(.fini5)
 *(.fini4)
 *(.fini4)
 *(.fini3)
 *(.fini3)
 *(.fini2)
 *(.fini2)
 *(.fini1)
 *(.fini1)
 *(.fini0)
 .fini0         0x00006bc2        0x4 c:/program files (x86)/atmel/studio/7.0/toolchain/avr8/avr8-gnu-toolchain/bin/../lib/gcc/avr/5.4.0/avr6\libgcc.a(_exit.o)
 *(.fini0)
                0x00006bc6                _etext = .

.data           0x00800200      0x30a load address 0x00006bc6
                0x00800200                PROVIDE (__data_start, .)
 *(.data)
 .data          0x00800200        0x6 c:/program files (x86)/atmel/studio/7.0/toolchain/avr8/avr8-gnu-toolchain/bin/../lib/gcc/avr/5.4.0/../../../../avr/lib/avr6\libc.a(malloc.o)
                0x00800200                __malloc_heap_end
                0x00800202                __malloc_heap_start
                0x00800204                __malloc_margin
 .data          0x00800206        0x4 c:/program files (x86)/atmel/studio/7.0/toolchain/avr8/avr8-gnu-toolchain/bin/../lib/gcc/avr/5.4.0/../../../../avr/lib/avr6\libc.a(random.o)
 *(.data*)
 .data.maximumDistanceThreshold
                0x0080020a        0x4 Sketch.o
                0x0080020a                maximumDistanceThreshold
 .data.minimumDistanceThreshold
                0x0080020e        0x4 Sketch.o
                0x0080020e                minimumDistanceThreshold
 .data.speed    0x00800212        0x2 Sketch.o
                0x00800212                speed
 .data.numberOfSteps
                0x00800214        0x2 Sketch.o
                0x00800214                numberOfSteps
 .data.timeCurrentCommand
                0x00800216        0x4 Sketch.o
                0x00800216                timeCurrentCommand
 .data.prevCommand
                0x0080021a        0x1 Sketch.o
                0x0080021a                prevCommand
 .data.command  0x0080021b        0x1 Sketch.o
                0x0080021b                command
 .data.IRsensorBack
                0x0080021c        0x2 Sketch.o
                0x0080021c                IRsensorBack
 .data.IRsensorFront
                0x0080021e        0x2 Sketch.o
                0x0080021e                IRsensorFront
 .data.analog_reference
                0x00800220        0x1 c:\users\hilde\Documents\Atmel Studio\7.0\TalkingRobot\TalkingRobot\ArduinoCore\Debug\libArduinoCore.a(wiring_analog.o)
                0x00800220                analog_reference
 .data._ZN8SdVolume17cacheBlockNumber_E
                0x00800221        0x4 c:\users\hilde\Documents\Atmel Studio\7.0\TalkingRobot\TalkingRobot\ArduinoCore\Debug\libArduinoCore.a(SdVolume.o)
                0x00800221                _ZN8SdVolume17cacheBlockNumber_E
 .data.optionByte
                0x00800225        0x1 c:\users\hilde\Documents\Atmel Studio\7.0\TalkingRobot\TalkingRobot\ArduinoCore\Debug\libArduinoCore.a(TMRpcm.o)
                0x00800225                optionByte
 .data.buffEmpty
                0x00800226        0x2 c:\users\hilde\Documents\Atmel Studio\7.0\TalkingRobot\TalkingRobot\ArduinoCore\Debug\libArduinoCore.a(TMRpcm.o)
                0x00800226                buffEmpty
 .data.OCRnB    0x00800228        0x8 c:\users\hilde\Documents\Atmel Studio\7.0\TalkingRobot\TalkingRobot\ArduinoCore\Debug\libArduinoCore.a(TMRpcm.o)
                0x00800228                OCRnB
 .data.TCNT     0x00800230        0x8 c:\users\hilde\Documents\Atmel Studio\7.0\TalkingRobot\TalkingRobot\ArduinoCore\Debug\libArduinoCore.a(TMRpcm.o)
                0x00800230                TCNT
 .data.ICRn     0x00800238        0x8 c:\users\hilde\Documents\Atmel Studio\7.0\TalkingRobot\TalkingRobot\ArduinoCore\Debug\libArduinoCore.a(TMRpcm.o)
                0x00800238                ICRn
 .data.OCRnA    0x00800240        0x8 c:\users\hilde\Documents\Atmel Studio\7.0\TalkingRobot\TalkingRobot\ArduinoCore\Debug\libArduinoCore.a(TMRpcm.o)
                0x00800240                OCRnA
 .data.TCCRnB   0x00800248        0x8 c:\users\hilde\Documents\Atmel Studio\7.0\TalkingRobot\TalkingRobot\ArduinoCore\Debug\libArduinoCore.a(TMRpcm.o)
                0x00800248                TCCRnB
 .data.TCCRnA   0x00800250        0x8 c:\users\hilde\Documents\Atmel Studio\7.0\TalkingRobot\TalkingRobot\ArduinoCore\Debug\libArduinoCore.a(TMRpcm.o)
                0x00800250                TCCRnA
 .data.TIMSK    0x00800258        0x8 c:\users\hilde\Documents\Atmel Studio\7.0\TalkingRobot\TalkingRobot\ArduinoCore\Debug\libArduinoCore.a(TMRpcm.o)
                0x00800258                TIMSK
 *(.gnu.linkonce.d*)
 *(.rodata)
 .rodata        0x00800260        0xe c:\users\hilde\Documents\Atmel Studio\7.0\TalkingRobot\TalkingRobot\ArduinoCore\Debug\libArduinoCore.a(TMRpcm.o)
 *(.rodata*)
 .rodata.str1.1
                0x0080026e      0x219 Sketch.o
 .rodata._ZTV14HardwareSerial
                0x00800487       0x12 c:\users\hilde\Documents\Atmel Studio\7.0\TalkingRobot\TalkingRobot\ArduinoCore\Debug\libArduinoCore.a(HardwareSerial.o)
                0x00800487                _ZTV14HardwareSerial
 .rodata.str1.1
                0x00800499        0xf c:\users\hilde\Documents\Atmel Studio\7.0\TalkingRobot\TalkingRobot\ArduinoCore\Debug\libArduinoCore.a(Print.o)
 .rodata._ZTVN5SDLib4FileE
                0x008004a8       0x12 c:\users\hilde\Documents\Atmel Studio\7.0\TalkingRobot\TalkingRobot\ArduinoCore\Debug\libArduinoCore.a(File.o)
                0x008004a8                _ZTVN5SDLib4FileE
 .rodata.str1.1
                0x008004ba        0x2 c:\users\hilde\Documents\Atmel Studio\7.0\TalkingRobot\TalkingRobot\ArduinoCore\Debug\libArduinoCore.a(SD.o)
 .rodata._ZTV6SdFile
                0x008004bc        0xc c:\users\hilde\Documents\Atmel Studio\7.0\TalkingRobot\TalkingRobot\ArduinoCore\Debug\libArduinoCore.a(SdFile.o)
                0x008004bc                _ZTV6SdFile
 .rodata.str1.1
                0x008004c8       0x42 c:\users\hilde\Documents\Atmel Studio\7.0\TalkingRobot\TalkingRobot\ArduinoCore\Debug\libArduinoCore.a(TMRpcm.o)
 *(.gnu.linkonce.r*)
                0x0080050a                . = ALIGN (0x2)
                0x0080050a                _edata = .
                0x0080050a                PROVIDE (__data_end, .)

.bss            0x0080050a      0x70c
                0x0080050a                PROVIDE (__bss_start, .)
 *(.bss)
 *(.bss*)
 .bss.BackRightMotor
                0x0080050a        0x2 Sketch.o
                0x0080050a                BackRightMotor
 .bss.BackLeftMotor
                0x0080050c        0x2 Sketch.o
                0x0080050c                BackLeftMotor
 .bss.FrontRightMotor
                0x0080050e        0x2 Sketch.o
                0x0080050e                FrontRightMotor
 .bss.FrontLeftMotor
                0x00800510        0x2 Sketch.o
                0x00800510                FrontLeftMotor
 .bss.servoObjectFinderAndDistance
                0x00800512        0x3 Sketch.o
                0x00800512                servoObjectFinderAndDistance
 .bss.srfDistanceArray
                0x00800515       0x48 Sketch.o
                0x00800515                srfDistanceArray
 .bss.RobotMovementDirection
                0x0080055d        0x1 Sketch.o
                0x0080055d                RobotMovementDirection
 .bss.tmrpcm    0x0080055e        0x8 Sketch.o
                0x0080055e                tmrpcm
 .bss.runAutonomous
                0x00800566        0x1 Sketch.o
                0x00800566                runAutonomous
 .bss.moveLeft  0x00800567        0x1 Sketch.o
                0x00800567                moveLeft
 .bss.playFileRequestRecieved
                0x00800568        0x1 Sketch.o
                0x00800568                playFileRequestRecieved
 .bss.timeLastRequest
                0x00800569        0x2 Sketch.o
                0x00800569                timeLastRequest
 .bss.fileNameRequestIndex
                0x0080056b        0x2 Sketch.o
                0x0080056b                fileNameRequestIndex
 .bss.fileNameIndex
                0x0080056d        0x2 Sketch.o
                0x0080056d                fileNameIndex
 .bss.lastTimeISpoke
                0x0080056f        0x2 Sketch.o
                0x0080056f                lastTimeISpoke
 .bss.startTime
                0x00800571        0x2 Sketch.o
                0x00800571                startTime
 .bss.turningCounter
                0x00800573        0x2 Sketch.o
                0x00800573                turningCounter
 .bss.timePreviousCommand
                0x00800575        0x4 Sketch.o
                0x00800575                timePreviousCommand
 .bss.newCharacterRecieved
                0x00800579        0x1 Sketch.o
                0x00800579                newCharacterRecieved
 .bss.receivedCharacter
                0x0080057a        0x1 Sketch.o
                0x0080057a                receivedCharacter
 .bss._ZN14SoftwareSerial20_receive_buffer_headE
                0x0080057b        0x1 src/libraries/SoftwareSerial/src/SoftwareSerial.o
                0x0080057b                _ZN14SoftwareSerial20_receive_buffer_headE
 .bss._ZN14SoftwareSerial20_receive_buffer_tailE
                0x0080057c        0x1 src/libraries/SoftwareSerial/src/SoftwareSerial.o
                0x0080057c                _ZN14SoftwareSerial20_receive_buffer_tailE
 .bss._ZN14SoftwareSerial15_receive_bufferE
                0x0080057d       0x40 src/libraries/SoftwareSerial/src/SoftwareSerial.o
                0x0080057d                _ZN14SoftwareSerial15_receive_bufferE
 .bss._ZN14SoftwareSerial13active_objectE
                0x008005bd        0x2 src/libraries/SoftwareSerial/src/SoftwareSerial.o
                0x008005bd                _ZN14SoftwareSerial13active_objectE
 .bss.Serial    0x008005bf       0x9d c:\users\hilde\Documents\Atmel Studio\7.0\TalkingRobot\TalkingRobot\ArduinoCore\Debug\libArduinoCore.a(HardwareSerial0.o)
                0x008005bf                Serial
 .bss.Serial3   0x0080065c       0x9d c:\users\hilde\Documents\Atmel Studio\7.0\TalkingRobot\TalkingRobot\ArduinoCore\Debug\libArduinoCore.a(HardwareSerial3.o)
                0x0080065c                Serial3
 .bss.timer0_fract
                0x008006f9        0x1 c:\users\hilde\Documents\Atmel Studio\7.0\TalkingRobot\TalkingRobot\ArduinoCore\Debug\libArduinoCore.a(wiring.o)
 .bss.timer0_millis
                0x008006fa        0x4 c:\users\hilde\Documents\Atmel Studio\7.0\TalkingRobot\TalkingRobot\ArduinoCore\Debug\libArduinoCore.a(wiring.o)
                0x008006fa                timer0_millis
 .bss.timer0_overflow_count
                0x008006fe        0x4 c:\users\hilde\Documents\Atmel Studio\7.0\TalkingRobot\TalkingRobot\ArduinoCore\Debug\libArduinoCore.a(wiring.o)
                0x008006fe                timer0_overflow_count
 .bss._ZL2MC    0x00800702        0x1 c:\users\hilde\Documents\Atmel Studio\7.0\TalkingRobot\TalkingRobot\ArduinoCore\Debug\libArduinoCore.a(AFMotor.o)
 .bss._ZL11latch_state
                0x00800703        0x1 c:\users\hilde\Documents\Atmel Studio\7.0\TalkingRobot\TalkingRobot\ArduinoCore\Debug\libArduinoCore.a(AFMotor.o)
 .bss._ZN5SDLib2SDE
                0x00800704       0x49 c:\users\hilde\Documents\Atmel Studio\7.0\TalkingRobot\TalkingRobot\ArduinoCore\Debug\libArduinoCore.a(SD.o)
                0x00800704                _ZN5SDLib2SDE
 .bss._ZL20chip_select_asserted
                0x0080074d        0x1 c:\users\hilde\Documents\Atmel Studio\7.0\TalkingRobot\TalkingRobot\ArduinoCore\Debug\libArduinoCore.a(Sd2Card.o)
 .bss._ZL8settings
                0x0080074e        0x2 c:\users\hilde\Documents\Atmel Studio\7.0\TalkingRobot\TalkingRobot\ArduinoCore\Debug\libArduinoCore.a(Sd2Card.o)
 .bss._ZN6SdFile9dateTime_E
                0x00800750        0x2 c:\users\hilde\Documents\Atmel Studio\7.0\TalkingRobot\TalkingRobot\ArduinoCore\Debug\libArduinoCore.a(SdFile.o)
                0x00800750                _ZN6SdFile9dateTime_E
 .bss._ZN8SdVolume17cacheMirrorBlock_E
                0x00800752        0x4 c:\users\hilde\Documents\Atmel Studio\7.0\TalkingRobot\TalkingRobot\ArduinoCore\Debug\libArduinoCore.a(SdVolume.o)
                0x00800752                _ZN8SdVolume17cacheMirrorBlock_E
 .bss._ZN8SdVolume11cacheDirty_E
                0x00800756        0x1 c:\users\hilde\Documents\Atmel Studio\7.0\TalkingRobot\TalkingRobot\ArduinoCore\Debug\libArduinoCore.a(SdVolume.o)
                0x00800756                _ZN8SdVolume11cacheDirty_E
 .bss._ZN8SdVolume7sdCard_E
                0x00800757        0x2 c:\users\hilde\Documents\Atmel Studio\7.0\TalkingRobot\TalkingRobot\ArduinoCore\Debug\libArduinoCore.a(SdVolume.o)
                0x00800757                _ZN8SdVolume7sdCard_E
 .bss._ZN8SdVolume12cacheBuffer_E
                0x00800759      0x200 c:\users\hilde\Documents\Atmel Studio\7.0\TalkingRobot\TalkingRobot\ArduinoCore\Debug\libArduinoCore.a(SdVolume.o)
                0x00800759                _ZN8SdVolume12cacheBuffer_E
 .bss.ServoCount
                0x00800959        0x1 c:\users\hilde\Documents\Atmel Studio\7.0\TalkingRobot\TalkingRobot\ArduinoCore\Debug\libArduinoCore.a(Servo.o)
                0x00800959                ServoCount
 .bss._ZL7Channel
                0x0080095a        0x4 c:\users\hilde\Documents\Atmel Studio\7.0\TalkingRobot\TalkingRobot\ArduinoCore\Debug\libArduinoCore.a(Servo.o)
 .bss._ZL6servos
                0x0080095e       0x90 c:\users\hilde\Documents\Atmel Studio\7.0\TalkingRobot\TalkingRobot\ArduinoCore\Debug\libArduinoCore.a(Servo.o)
 .bss._ZN8SPIClass13interruptSaveE
                0x008009ee        0x1 c:\users\hilde\Documents\Atmel Studio\7.0\TalkingRobot\TalkingRobot\ArduinoCore\Debug\libArduinoCore.a(SPI.o)
                0x008009ee                _ZN8SPIClass13interruptSaveE
 .bss._ZN8SPIClass13interruptMaskE
                0x008009ef        0x1 c:\users\hilde\Documents\Atmel Studio\7.0\TalkingRobot\TalkingRobot\ArduinoCore\Debug\libArduinoCore.a(SPI.o)
                0x008009ef                _ZN8SPIClass13interruptMaskE
 .bss._ZN8SPIClass13interruptModeE
                0x008009f0        0x1 c:\users\hilde\Documents\Atmel Studio\7.0\TalkingRobot\TalkingRobot\ArduinoCore\Debug\libArduinoCore.a(SPI.o)
                0x008009f0                _ZN8SPIClass13interruptModeE
 .bss._ZN8SPIClass11initializedE
                0x008009f1        0x1 c:\users\hilde\Documents\Atmel Studio\7.0\TalkingRobot\TalkingRobot\ArduinoCore\Debug\libArduinoCore.a(SPI.o)
                0x008009f1                _ZN8SPIClass11initializedE
 .bss.sFile     0x008009f2       0x1b c:\users\hilde\Documents\Atmel Studio\7.0\TalkingRobot\TalkingRobot\ArduinoCore\Debug\libArduinoCore.a(TMRpcm.o)
                0x008009f2                sFile
 .bss.loadCounter
                0x00800a0d        0x1 c:\users\hilde\Documents\Atmel Studio\7.0\TalkingRobot\TalkingRobot\ArduinoCore\Debug\libArduinoCore.a(TMRpcm.o)
                0x00800a0d                loadCounter
 .bss.tt        0x00800a0e        0x1 c:\users\hilde\Documents\Atmel Studio\7.0\TalkingRobot\TalkingRobot\ArduinoCore\Debug\libArduinoCore.a(TMRpcm.o)
                0x00800a0e                tt
 .bss.volMod    0x00800a0f        0x1 c:\users\hilde\Documents\Atmel Studio\7.0\TalkingRobot\TalkingRobot\ArduinoCore\Debug\libArduinoCore.a(TMRpcm.o)
                0x00800a0f                volMod
 .bss.buffCount
                0x00800a10        0x1 c:\users\hilde\Documents\Atmel Studio\7.0\TalkingRobot\TalkingRobot\ArduinoCore\Debug\libArduinoCore.a(TMRpcm.o)
                0x00800a10                buffCount
 .bss.buffer    0x00800a11      0x1fc c:\users\hilde\Documents\Atmel Studio\7.0\TalkingRobot\TalkingRobot\ArduinoCore\Debug\libArduinoCore.a(TMRpcm.o)
                0x00800a11                buffer
 .bss.a         0x00800c0d        0x1 c:\users\hilde\Documents\Atmel Studio\7.0\TalkingRobot\TalkingRobot\ArduinoCore\Debug\libArduinoCore.a(TMRpcm.o)
                0x00800c0d                a
 .bss.playing   0x00800c0e        0x1 c:\users\hilde\Documents\Atmel Studio\7.0\TalkingRobot\TalkingRobot\ArduinoCore\Debug\libArduinoCore.a(TMRpcm.o)
                0x00800c0e                playing
 .bss.whichBuff
                0x00800c0f        0x1 c:\users\hilde\Documents\Atmel Studio\7.0\TalkingRobot\TalkingRobot\ArduinoCore\Debug\libArduinoCore.a(TMRpcm.o)
                0x00800c0f                whichBuff
 .bss.dataEnd   0x00800c10        0x2 c:\users\hilde\Documents\Atmel Studio\7.0\TalkingRobot\TalkingRobot\ArduinoCore\Debug\libArduinoCore.a(TMRpcm.o)
                0x00800c10                dataEnd
 *(COMMON)
 COMMON         0x00800c12        0x4 c:/program files (x86)/atmel/studio/7.0/toolchain/avr8/avr8-gnu-toolchain/bin/../lib/gcc/avr/5.4.0/../../../../avr/lib/avr6\libc.a(malloc.o)
                0x00800c12                __brkval
                0x00800c14                __flp
                0x00800c16                PROVIDE (__bss_end, .)
                0x00006bc6                __data_load_start = LOADADDR (.data)
                0x00006ed0                __data_load_end = (__data_load_start + SIZEOF (.data))

.noinit         0x00800c16        0x0
                [!provide]                PROVIDE (__noinit_start, .)
 *(.noinit*)
                [!provide]                PROVIDE (__noinit_end, .)
                0x00800c16                _end = .
                0x00800c16                PROVIDE (__heap_start, .)

.eeprom         0x00810000        0x0
 *(.eeprom*)
                0x00810000                __eeprom_end = .

.fuse
 *(.fuse)
 *(.lfuse)
 *(.hfuse)
 *(.efuse)

.lock
 *(.lock*)

.signature
 *(.signature*)

.user_signatures
 *(.user_signatures*)

.stab
 *(.stab)

.stabstr
 *(.stabstr)

.stab.excl
 *(.stab.excl)

.stab.exclstr
 *(.stab.exclstr)

.stab.index
 *(.stab.index)

.stab.indexstr
 *(.stab.indexstr)

.comment        0x00000000       0x5c
 *(.comment)
 .comment       0x00000000       0x30 Sketch.o
                                 0x31 (size before relaxing)
 .comment       0x00000030       0x31 src/libraries/SoftwareSerial/src/SoftwareSerial.o
 .comment       0x00000030       0x31 c:\users\hilde\Documents\Atmel Studio\7.0\TalkingRobot\TalkingRobot\ArduinoCore\Debug\libArduinoCore.a(HardwareSerial.o)
 .comment       0x00000030       0x31 c:\users\hilde\Documents\Atmel Studio\7.0\TalkingRobot\TalkingRobot\ArduinoCore\Debug\libArduinoCore.a(HardwareSerial0.o)
 .comment       0x00000030       0x31 c:\users\hilde\Documents\Atmel Studio\7.0\TalkingRobot\TalkingRobot\ArduinoCore\Debug\libArduinoCore.a(HardwareSerial3.o)
 .comment       0x00000030       0x31 c:\users\hilde\Documents\Atmel Studio\7.0\TalkingRobot\TalkingRobot\ArduinoCore\Debug\libArduinoCore.a(main.o)
 .comment       0x00000030       0x31 c:\users\hilde\Documents\Atmel Studio\7.0\TalkingRobot\TalkingRobot\ArduinoCore\Debug\libArduinoCore.a(Print.o)
 .comment       0x00000030       0x31 c:\users\hilde\Documents\Atmel Studio\7.0\TalkingRobot\TalkingRobot\ArduinoCore\Debug\libArduinoCore.a(wiring.o)
 .comment       0x00000030       0x31 c:\users\hilde\Documents\Atmel Studio\7.0\TalkingRobot\TalkingRobot\ArduinoCore\Debug\libArduinoCore.a(wiring_analog.o)
 .comment       0x00000030       0x31 c:\users\hilde\Documents\Atmel Studio\7.0\TalkingRobot\TalkingRobot\ArduinoCore\Debug\libArduinoCore.a(wiring_digital.o)
 .comment       0x00000030       0x31 c:\users\hilde\Documents\Atmel Studio\7.0\TalkingRobot\TalkingRobot\ArduinoCore\Debug\libArduinoCore.a(wiring_pulse.o)
 .comment       0x00000030       0x31 c:\users\hilde\Documents\Atmel Studio\7.0\TalkingRobot\TalkingRobot\ArduinoCore\Debug\libArduinoCore.a(WMath.o)
 .comment       0x00000030       0x31 c:\users\hilde\Documents\Atmel Studio\7.0\TalkingRobot\TalkingRobot\ArduinoCore\Debug\libArduinoCore.a(WString.o)
 .comment       0x00000030       0x31 c:\users\hilde\Documents\Atmel Studio\7.0\TalkingRobot\TalkingRobot\ArduinoCore\Debug\libArduinoCore.a(AFMotor.o)
 .comment       0x00000030       0x31 c:\users\hilde\Documents\Atmel Studio\7.0\TalkingRobot\TalkingRobot\ArduinoCore\Debug\libArduinoCore.a(File.o)
 .comment       0x00000030       0x31 c:\users\hilde\Documents\Atmel Studio\7.0\TalkingRobot\TalkingRobot\ArduinoCore\Debug\libArduinoCore.a(SD.o)
 .comment       0x00000030       0x31 c:\users\hilde\Documents\Atmel Studio\7.0\TalkingRobot\TalkingRobot\ArduinoCore\Debug\libArduinoCore.a(Sd2Card.o)
 .comment       0x00000030       0x31 c:\users\hilde\Documents\Atmel Studio\7.0\TalkingRobot\TalkingRobot\ArduinoCore\Debug\libArduinoCore.a(SdFile.o)
 .comment       0x00000030       0x31 c:\users\hilde\Documents\Atmel Studio\7.0\TalkingRobot\TalkingRobot\ArduinoCore\Debug\libArduinoCore.a(SdVolume.o)
 .comment       0x00000030       0x31 c:\users\hilde\Documents\Atmel Studio\7.0\TalkingRobot\TalkingRobot\ArduinoCore\Debug\libArduinoCore.a(Servo.o)
 .comment       0x00000030       0x31 c:\users\hilde\Documents\Atmel Studio\7.0\TalkingRobot\TalkingRobot\ArduinoCore\Debug\libArduinoCore.a(SPI.o)
 .comment       0x00000030       0x31 c:\users\hilde\Documents\Atmel Studio\7.0\TalkingRobot\TalkingRobot\ArduinoCore\Debug\libArduinoCore.a(TMRpcm.o)
 .comment       0x00000030       0x31 c:\users\hilde\Documents\Atmel Studio\7.0\TalkingRobot\TalkingRobot\ArduinoCore\Debug\libArduinoCore.a(hooks.o)
 .comment       0x00000030       0x31 c:/program files (x86)/atmel/studio/7.0/toolchain/avr8/avr8-gnu-toolchain/bin/../lib/gcc/avr/5.4.0/../../../../avr/lib/avr6\libc.a(malloc.o)
 .comment       0x00000030       0x31 c:/program files (x86)/atmel/studio/7.0/toolchain/avr8/avr8-gnu-toolchain/bin/../lib/gcc/avr/5.4.0/../../../../avr/lib/avr6\libc.a(random.o)
 .comment       0x00000030       0x31 c:/program files (x86)/atmel/studio/7.0/toolchain/avr8/avr8-gnu-toolchain/bin/../lib/gcc/avr/5.4.0/../../../../avr/lib/avr6\libc.a(realloc.o)
 .comment       0x00000030       0x31 c:/program files (x86)/atmel/studio/7.0/toolchain/avr8/avr8-gnu-toolchain/bin/../lib/gcc/avr/5.4.0/../../../../avr/lib/avr6\libc.a(sprintf.o)
 .comment       0x00000030       0x2c c:/program files (x86)/atmel/studio/7.0/toolchain/avr8/avr8-gnu-toolchain/bin/../lib/gcc/avr/5.4.0/../../../../avr/lib/avr6\libc.a(vfprintf_std.o)
                                 0x2d (size before relaxing)
 .comment       0x0000005c       0x31 c:/program files (x86)/atmel/studio/7.0/toolchain/avr8/avr8-gnu-toolchain/bin/../lib/gcc/avr/5.4.0/../../../../avr/lib/avr6\libc.a(fputc.o)

.note.gnu.avr.deviceinfo
                0x00000000       0x40
 .note.gnu.avr.deviceinfo
                0x00000000       0x40 C:/Program Files (x86)/Atmel/Studio/7.0/Packs/atmel/ATmega_DFP/1.2.209/gcc/dev/atmega2560/avr6/crtatmega2560.o

.note.gnu.build-id
 *(.note.gnu.build-id)

.debug
 *(.debug)

.line
 *(.line)

.debug_srcinfo
 *(.debug_srcinfo)

.debug_sfnames
 *(.debug_sfnames)

.debug_aranges  0x00000000      0xdd8
 *(.debug_aranges)
 .debug_aranges
                0x00000000       0xa0 Sketch.o
 .debug_aranges
                0x000000a0       0xa8 src/libraries/SoftwareSerial/src/SoftwareSerial.o
 .debug_aranges
                0x00000148       0x68 c:\users\hilde\Documents\Atmel Studio\7.0\TalkingRobot\TalkingRobot\ArduinoCore\Debug\libArduinoCore.a(HardwareSerial.o)
 .debug_aranges
                0x000001b0       0x48 c:\users\hilde\Documents\Atmel Studio\7.0\TalkingRobot\TalkingRobot\ArduinoCore\Debug\libArduinoCore.a(HardwareSerial0.o)
 .debug_aranges
                0x000001f8       0x48 c:\users\hilde\Documents\Atmel Studio\7.0\TalkingRobot\TalkingRobot\ArduinoCore\Debug\libArduinoCore.a(HardwareSerial3.o)
 .debug_aranges
                0x00000240       0x30 c:\users\hilde\Documents\Atmel Studio\7.0\TalkingRobot\TalkingRobot\ArduinoCore\Debug\libArduinoCore.a(main.o)
 .debug_aranges
                0x00000270      0x100 c:\users\hilde\Documents\Atmel Studio\7.0\TalkingRobot\TalkingRobot\ArduinoCore\Debug\libArduinoCore.a(Print.o)
 .debug_aranges
                0x00000370       0x48 c:\users\hilde\Documents\Atmel Studio\7.0\TalkingRobot\TalkingRobot\ArduinoCore\Debug\libArduinoCore.a(wiring.o)
 .debug_aranges
                0x000003b8       0x30 c:\users\hilde\Documents\Atmel Studio\7.0\TalkingRobot\TalkingRobot\ArduinoCore\Debug\libArduinoCore.a(wiring_analog.o)
 .debug_aranges
                0x000003e8       0x38 c:\users\hilde\Documents\Atmel Studio\7.0\TalkingRobot\TalkingRobot\ArduinoCore\Debug\libArduinoCore.a(wiring_digital.o)
 .debug_aranges
                0x00000420       0x28 c:\users\hilde\Documents\Atmel Studio\7.0\TalkingRobot\TalkingRobot\ArduinoCore\Debug\libArduinoCore.a(wiring_pulse.o)
 .debug_aranges
                0x00000448       0x48 c:\users\hilde\Documents\Atmel Studio\7.0\TalkingRobot\TalkingRobot\ArduinoCore\Debug\libArduinoCore.a(WMath.o)
 .debug_aranges
                0x00000490      0x2b8 c:\users\hilde\Documents\Atmel Studio\7.0\TalkingRobot\TalkingRobot\ArduinoCore\Debug\libArduinoCore.a(WString.o)
 .debug_aranges
                0x00000748       0x98 c:\users\hilde\Documents\Atmel Studio\7.0\TalkingRobot\TalkingRobot\ArduinoCore\Debug\libArduinoCore.a(AFMotor.o)
 .debug_aranges
                0x000007e0       0xb0 c:\users\hilde\Documents\Atmel Studio\7.0\TalkingRobot\TalkingRobot\ArduinoCore\Debug\libArduinoCore.a(File.o)
 .debug_aranges
                0x00000890       0xb0 c:\users\hilde\Documents\Atmel Studio\7.0\TalkingRobot\TalkingRobot\ArduinoCore\Debug\libArduinoCore.a(SD.o)
 .debug_aranges
                0x00000940       0xf8 c:\users\hilde\Documents\Atmel Studio\7.0\TalkingRobot\TalkingRobot\ArduinoCore\Debug\libArduinoCore.a(Sd2Card.o)
 .debug_aranges
                0x00000a38      0x140 c:\users\hilde\Documents\Atmel Studio\7.0\TalkingRobot\TalkingRobot\ArduinoCore\Debug\libArduinoCore.a(SdFile.o)
 .debug_aranges
                0x00000b78       0x60 c:\users\hilde\Documents\Atmel Studio\7.0\TalkingRobot\TalkingRobot\ArduinoCore\Debug\libArduinoCore.a(SdVolume.o)
 .debug_aranges
                0x00000bd8       0x88 c:\users\hilde\Documents\Atmel Studio\7.0\TalkingRobot\TalkingRobot\ArduinoCore\Debug\libArduinoCore.a(Servo.o)
 .debug_aranges
                0x00000c60       0x38 c:\users\hilde\Documents\Atmel Studio\7.0\TalkingRobot\TalkingRobot\ArduinoCore\Debug\libArduinoCore.a(SPI.o)
 .debug_aranges
                0x00000c98      0x100 c:\users\hilde\Documents\Atmel Studio\7.0\TalkingRobot\TalkingRobot\ArduinoCore\Debug\libArduinoCore.a(TMRpcm.o)
 .debug_aranges
                0x00000d98       0x20 c:\users\hilde\Documents\Atmel Studio\7.0\TalkingRobot\TalkingRobot\ArduinoCore\Debug\libArduinoCore.a(hooks.o)
 .debug_aranges
                0x00000db8       0x20 c:\users\hilde\Documents\Atmel Studio\7.0\TalkingRobot\TalkingRobot\ArduinoCore\Debug\libArduinoCore.a(wiring_pulse.o)

.debug_pubnames
 *(.debug_pubnames)

.debug_info     0x00000000    0x31045
 *(.debug_info .gnu.linkonce.wi.*)
 .debug_info    0x00000000      0xbbc C:/Program Files (x86)/Atmel/Studio/7.0/Packs/atmel/ATmega_DFP/1.2.209/gcc/dev/atmega2560/avr6/crtatmega2560.o
 .debug_info    0x00000bbc     0x5ce2 Sketch.o
 .debug_info    0x0000689e     0x2950 src/libraries/SoftwareSerial/src/SoftwareSerial.o
 .debug_info    0x000091ee     0x1f83 c:\users\hilde\Documents\Atmel Studio\7.0\TalkingRobot\TalkingRobot\ArduinoCore\Debug\libArduinoCore.a(HardwareSerial.o)
 .debug_info    0x0000b171     0x1b74 c:\users\hilde\Documents\Atmel Studio\7.0\TalkingRobot\TalkingRobot\ArduinoCore\Debug\libArduinoCore.a(HardwareSerial0.o)
 .debug_info    0x0000cce5     0x1b7a c:\users\hilde\Documents\Atmel Studio\7.0\TalkingRobot\TalkingRobot\ArduinoCore\Debug\libArduinoCore.a(HardwareSerial3.o)
 .debug_info    0x0000e85f      0x295 c:\users\hilde\Documents\Atmel Studio\7.0\TalkingRobot\TalkingRobot\ArduinoCore\Debug\libArduinoCore.a(main.o)
 .debug_info    0x0000eaf4     0x295d c:\users\hilde\Documents\Atmel Studio\7.0\TalkingRobot\TalkingRobot\ArduinoCore\Debug\libArduinoCore.a(Print.o)
 .debug_info    0x00011451      0x329 c:\users\hilde\Documents\Atmel Studio\7.0\TalkingRobot\TalkingRobot\ArduinoCore\Debug\libArduinoCore.a(wiring.o)
 .debug_info    0x0001177a      0x2cd c:\users\hilde\Documents\Atmel Studio\7.0\TalkingRobot\TalkingRobot\ArduinoCore\Debug\libArduinoCore.a(wiring_analog.o)
 .debug_info    0x00011a47      0x63a c:\users\hilde\Documents\Atmel Studio\7.0\TalkingRobot\TalkingRobot\ArduinoCore\Debug\libArduinoCore.a(wiring_digital.o)